{
  "schema": "cinebotrl_two_wheel_riser_corrective_teacher_capture_final_v2",
  "namespace": "20260723_model_based_corrective_teacher_case23_capture_v2_exclusive",
  "runtime_commit": "526952133a784ad653f4cfebd3e618a23fd4b291",
  "case": 23,
  "split": "train",
  "playback_exit_code": 2,
  "admission_checks": {
    "schema": true,
    "passed": true,
    "runtime_commit": true,
    "runtime_authorized": true,
    "capture_authorized": true,
    "pair_admitted": true,
    "dataset_closed": true,
    "training_closed": true,
    "contract_identity": true,
    "plan_identity": true,
    "profile_identity": true,
    "pair_identity": true
  },
  "gate_checks": {
    "exit_zero": false,
    "single_case": false,
    "passed": false,
    "dynamic": false,
    "thermal": false,
    "controller": false,
    "perturbation": false,
    "source": false,
    "capture_requested": false,
    "capture_written": false,
    "legacy_capture_closed": false,
    "training_closed": false,
    "heartbeat": false,
    "gpu_released": true
  },
  "archive_checks": {
    "loaded": false,
    "sample_count": false,
    "plan_identity": false,
    "runtime_identity": false,
    "profile_identity": false,
    "pair_identity": false,
    "source_clock": false,
    "execution_clock": false,
    "perturbation_rows": false,
    "requested_reserved_margin": false,
    "effective_reserved_margin": false,
    "supervisor_contract": false,
    "clipping_telemetry": false,
    "initialization_excluded": false,
    "training_closed": false
  },
  "contract_checks": {
    "namespace": true,
    "case_split": true,
    "runtime_commit_descends_reviewed_parent": true
  },
  "capture_error": "[Errno 2] No such file or directory: 'G:\\\\wSpace\\\\cinebotRL-two-wheel-riser\\\\artifacts\\\\two_wheel_riser\\\\20260723_model_based_corrective_teacher_case23_capture_v2_exclusive\\\\capture\\\\case_0023_corrective_teacher_capture_v2.npz'",
  "capture_metrics": {
    "sample_count": 0,
    "source_clock_end_s": null,
    "execution_clock_end_s": null,
    "perturbation_active_rows": 0,
    "requested_normalized_action_abs_max": null,
    "effective_normalized_action_abs_max": null,
    "command_clipped_rows": null,
    "requested_vs_effective_residual_delta_abs_max": null,
    "amplitude_limited_rows": null,
    "slew_limited_rows": null
  },
  "gate": null,
  "heartbeat": null,
  "capture": null,
  "admission": {
    "path": "G:\\wSpace\\cinebotRL-two-wheel-riser\\artifacts\\two_wheel_riser\\20260723_model_based_corrective_teacher_case23_capture_v2_exclusive\\admission.json",
    "sha256": "0966824e518a1fc4fb3f0b3245709eb4dd4cea7f0539e45a602f97459364e5a7",
    "size_bytes": 11057
  },
  "contract": {
    "path": "G:\\wSpace\\cinebotRL-two-wheel-riser\\artifacts\\two_wheel_riser\\20260723_model_based_corrective_teacher_case23_capture_v2_exclusive\\contract.json",
    "sha256": "9ef7a279de8266a5b3f6cdb73e6395a2c69985ead1563145e8eb26900a035aeb",
    "size_bytes": 7010
  },
  "dynamic_quality_passed": false,
  "capture_admitted_for_dataset_conversion": false,
  "normalized_training_dataset_created": false,
  "bc_authorized": false,
  "ppo_authorized": false,
  "training_started": false,
  "valid_for_training": false,
  "passed": false
}
