usage: smoke_riser_reference_playback.py [-h] --gains GAINS --plan-dir
                                         PLAN_DIR
                                         [--plan-filename-template PLAN_FILENAME_TEMPLATE]
                                         [--cases CASES]
                                         [--maximum-duration-scale MAXIMUM_DURATION_SCALE]
                                         [--maximum-pitch-deg MAXIMUM_PITCH_DEG]
                                         [--maximum-position-p95-m MAXIMUM_POSITION_P95_M]
                                         [--maximum-position-error-m MAXIMUM_POSITION_ERROR_M]
                                         [--maximum-attitude-p95-deg MAXIMUM_ATTITUDE_P95_DEG]
                                         [--maximum-attitude-error-deg MAXIMUM_ATTITUDE_ERROR_DEG]
                                         [--maximum-riser-servo-error-m MAXIMUM_RISER_SERVO_ERROR_M]
                                         [--maximum-proxy-servo-error-deg MAXIMUM_PROXY_SERVO_ERROR_DEG]
                                         [--maximum-internal-proxy-rate-deg-s MAXIMUM_INTERNAL_PROXY_RATE_DEG_S]
                                         [--maximum-saturation-ratio MAXIMUM_SATURATION_RATIO]
                                         [--disable-phase-governor]
                                         [--disable-com-pitch-feedforward]
                                         [--disable-semantic-proxy-state-adapter]
                                         [--controller-vx-kp CONTROLLER_VX_KP]
                                         [--controller-wz-kp CONTROLLER_WZ_KP]
                                         [--controller-wz-ki CONTROLLER_WZ_KI]
                                         [--controller-wz-feedforward CONTROLLER_WZ_FEEDFORWARD]
                                         [--controller-wheel-difference-kp CONTROLLER_WHEEL_DIFFERENCE_KP]
                                         [--limit-total-pitch-reference]
                                         [--reset-opposing-vx-integral-on-directional-deficit]
                                         [--vx-integral-reset-reference-deadband-mps VX_INTEGRAL_RESET_REFERENCE_DEADBAND_MPS]
                                         [--use-root-velocity-outer-feedback]
                                         [--tracking-along-kp TRACKING_ALONG_KP]
                                         [--tracking-cross-kp TRACKING_CROSS_KP]
                                         [--tracking-yaw-kp TRACKING_YAW_KP]
                                         [--tracking-maximum-linear-velocity-mps TRACKING_MAXIMUM_LINEAR_VELOCITY_MPS]
                                         [--tracking-minimum-progress-scale TRACKING_MINIMUM_PROGRESS_SCALE]
                                         [--enable-camera-lever-arm-compensation]
                                         [--use-commanded-base-progress-error]
                                         [--camera-lever-arm-compensation-gain CAMERA_LEVER_ARM_COMPENSATION_GAIN]
                                         [--maximum-camera-lever-arm-correction-m MAXIMUM_CAMERA_LEVER_ARM_CORRECTION_M]
                                         [--enable-camera-error-recovery-governor]
                                         [--camera-recovery-error-start-m CAMERA_RECOVERY_ERROR_START_M]
                                         [--camera-recovery-error-full-m CAMERA_RECOVERY_ERROR_FULL_M]
                                         [--minimum-camera-recovery-scale MINIMUM_CAMERA_RECOVERY_SCALE]
                                         [--video-dir VIDEO_DIR]
                                         [--dataset-dir DATASET_DIR]
                                         [--raw-teacher-dir RAW_TEACHER_DIR]
                                         [--policy-trace-dir POLICY_TRACE_DIR]
                                         [--shadow-teacher-trace-dir SHADOW_TEACHER_TRACE_DIR]
                                         [--deterministic-wrench-profile DETERMINISTIC_WRENCH_PROFILE]
                                         [--corrective-teacher-profile CORRECTIVE_TEACHER_PROFILE]
                                         [--corrective-teacher-capture-dir CORRECTIVE_TEACHER_CAPTURE_DIR]
                                         [--corrective-teacher-capture-admission CORRECTIVE_TEACHER_CAPTURE_ADMISSION]
                                         [--residual-policy RESIDUAL_POLICY]
                                         [--residual-policy-device {cpu,cuda}]
                                         [--zero-policy-action]
                                         [--residual-action-scales RESIDUAL_ACTION_SCALES]
                                         [--policy-command-base {phase_feedforward,model_based_planner}]
                                         [--video-frame-stride VIDEO_FRAME_STRIDE]
                                         [--video-fps VIDEO_FPS]
                                         [--runtime-heartbeat RUNTIME_HEARTBEAT]
                                         [--runtime-heartbeat-interval-steps RUNTIME_HEARTBEAT_INTERVAL_STEPS]
                                         --output OUTPUT [--headless]
                                         [--livestream {0,1,2}]
                                         [--enable_cameras] [--xr]
                                         [--device DEVICE] [--verbose]
                                         [--info] [--experience EXPERIENCE]
                                         [--rendering_mode {performance,quality,balanced}]
                                         [--kit_args KIT_ARGS]
                                         [--anim_recording_enabled]
                                         [--anim_recording_start_time ANIM_RECORDING_START_TIME]
                                         [--anim_recording_stop_time ANIM_RECORDING_STOP_TIME]
smoke_riser_reference_playback.py: error: invalid corrective capture admission: {'schema': True, 'case_split': False, 'admitted_pair': True, 'runtime': True, 'capture': True, 'normalized_dataset_closed': True, 'training_closed': True, 'plan': True, 'profile': True, 'paired_evidence': True, 'runtime_commit': True}
