{
  "schema": "cinebotrl_windows_shared_resource_monitor_v1",
  "monitored_pid": 10790,
  "runtime_thresholds": {
    "minimum_windows_free_memory_gib": 1.5,
    "minimum_gpu_free_memory_mib": 2048
  },
  "sample_count": 46,
  "minimum_observed_windows_free_memory_gib": 2.8355369567871094,
  "minimum_observed_gpu_free_memory_mib": 8072,
  "termination_requested": false,
  "process_exit_observed": true,
  "samples": [
    {
      "schema": "cinebotrl_windows_shared_resource_admission_v2",
      "phase": "runtime",
      "thresholds": {
        "minimum_windows_free_memory_gib": 1.5,
        "minimum_gpu_free_memory_mib": 2048,
        "launch_minimum_windows_free_memory_gib": 5.0,
        "launch_minimum_gpu_free_memory_mib": 9216,
        "runtime_minimum_windows_free_memory_gib": 1.5,
        "runtime_minimum_gpu_free_memory_mib": 2048,
        "cad_coexistence_allowed": true,
        "cad_process_names": [
          "creoparametric.exe",
          "parametric.exe",
          "proe.exe",
          "sldworks.exe",
          "ugraf.exe",
          "xtop.exe"
        ]
      },
      "observed": {
        "windows_total_memory_gib": 31.455806732177734,
        "windows_free_memory_gib": 5.3232269287109375,
        "cad_processes": [
          {
            "name": "sldworks.exe",
            "pid": 34244,
            "working_set_mib": 97.148,
            "private_memory_mib": 782.258
          },
          {
            "name": "sldworks.exe",
            "pid": 43236,
            "working_set_mib": 1.836,
            "private_memory_mib": 5152.91
          },
          {
            "name": "ugraf.exe",
            "pid": 27816,
            "working_set_mib": 1388.934,
            "private_memory_mib": 20878.293
          }
        ],
        "gpu_count": 1,
        "gpu_total_memory_mib": 24467,
        "gpu_used_memory_mib": 13671,
        "gpu_free_memory_mib": 10491,
        "gpu_unaccounted_memory_mib": 305
      },
      "checks": {
        "windows_memory_probe_valid": true,
        "windows_free_memory_sufficient": true,
        "cad_process_probe_valid": true,
        "cad_coexistence_allowed": true,
        "gpu_memory_probe_valid": true,
        "gpu_free_memory_sufficient": true
      },
      "runtime_started": true,
      "authorization_consumed": true,
      "passed": true,
      "sample_index": 0,
      "sampled_at_utc": "2026-07-27T16:09:55.340431+00:00"
    },
    {
      "schema": "cinebotrl_windows_shared_resource_admission_v2",
      "phase": "runtime",
      "thresholds": {
        "minimum_windows_free_memory_gib": 1.5,
        "minimum_gpu_free_memory_mib": 2048,
        "launch_minimum_windows_free_memory_gib": 5.0,
        "launch_minimum_gpu_free_memory_mib": 9216,
        "runtime_minimum_windows_free_memory_gib": 1.5,
        "runtime_minimum_gpu_free_memory_mib": 2048,
        "cad_coexistence_allowed": true,
        "cad_process_names": [
          "creoparametric.exe",
          "parametric.exe",
          "proe.exe",
          "sldworks.exe",
          "ugraf.exe",
          "xtop.exe"
        ]
      },
      "observed": {
        "windows_total_memory_gib": 31.455806732177734,
        "windows_free_memory_gib": 5.2054595947265625,
        "cad_processes": [
          {
            "name": "sldworks.exe",
            "pid": 34244,
            "working_set_mib": 97.148,
            "private_memory_mib": 782.258
          },
          {
            "name": "sldworks.exe",
            "pid": 43236,
            "working_set_mib": 1.836,
            "private_memory_mib": 5152.91
          },
          {
            "name": "ugraf.exe",
            "pid": 27816,
            "working_set_mib": 1388.934,
            "private_memory_mib": 20878.293
          }
        ],
        "gpu_count": 1,
        "gpu_total_memory_mib": 24467,
        "gpu_used_memory_mib": 13671,
        "gpu_free_memory_mib": 10491,
        "gpu_unaccounted_memory_mib": 305
      },
      "checks": {
        "windows_memory_probe_valid": true,
        "windows_free_memory_sufficient": true,
        "cad_process_probe_valid": true,
        "cad_coexistence_allowed": true,
        "gpu_memory_probe_valid": true,
        "gpu_free_memory_sufficient": true
      },
      "runtime_started": true,
      "authorization_consumed": true,
      "passed": true,
      "sample_index": 1,
      "sampled_at_utc": "2026-07-27T16:10:01.356492+00:00"
    },
    {
      "schema": "cinebotrl_windows_shared_resource_admission_v2",
      "phase": "runtime",
      "thresholds": {
        "minimum_windows_free_memory_gib": 1.5,
        "minimum_gpu_free_memory_mib": 2048,
        "launch_minimum_windows_free_memory_gib": 5.0,
        "launch_minimum_gpu_free_memory_mib": 9216,
        "runtime_minimum_windows_free_memory_gib": 1.5,
        "runtime_minimum_gpu_free_memory_mib": 2048,
        "cad_coexistence_allowed": true,
        "cad_process_names": [
          "creoparametric.exe",
          "parametric.exe",
          "proe.exe",
          "sldworks.exe",
          "ugraf.exe",
          "xtop.exe"
        ]
      },
      "observed": {
        "windows_total_memory_gib": 31.455806732177734,
        "windows_free_memory_gib": 4.938251495361328,
        "cad_processes": [
          {
            "name": "sldworks.exe",
            "pid": 34244,
            "working_set_mib": 97.148,
            "private_memory_mib": 782.258
          },
          {
            "name": "sldworks.exe",
            "pid": 43236,
            "working_set_mib": 1.836,
            "private_memory_mib": 5152.91
          },
          {
            "name": "ugraf.exe",
            "pid": 27816,
            "working_set_mib": 1389.027,
            "private_memory_mib": 20878.293
          }
        ],
        "gpu_count": 1,
        "gpu_total_memory_mib": 24467,
        "gpu_used_memory_mib": 13865,
        "gpu_free_memory_mib": 10297,
        "gpu_unaccounted_memory_mib": 305
      },
      "checks": {
        "windows_memory_probe_valid": true,
        "windows_free_memory_sufficient": true,
        "cad_process_probe_valid": true,
        "cad_coexistence_allowed": true,
        "gpu_memory_probe_valid": true,
        "gpu_free_memory_sufficient": true
      },
      "runtime_started": true,
      "authorization_consumed": true,
      "passed": true,
      "sample_index": 2,
      "sampled_at_utc": "2026-07-27T16:10:07.355343+00:00"
    },
    {
      "schema": "cinebotrl_windows_shared_resource_admission_v2",
      "phase": "runtime",
      "thresholds": {
        "minimum_windows_free_memory_gib": 1.5,
        "minimum_gpu_free_memory_mib": 2048,
        "launch_minimum_windows_free_memory_gib": 5.0,
        "launch_minimum_gpu_free_memory_mib": 9216,
        "runtime_minimum_windows_free_memory_gib": 1.5,
        "runtime_minimum_gpu_free_memory_mib": 2048,
        "cad_coexistence_allowed": true,
        "cad_process_names": [
          "creoparametric.exe",
          "parametric.exe",
          "proe.exe",
          "sldworks.exe",
          "ugraf.exe",
          "xtop.exe"
        ]
      },
      "observed": {
        "windows_total_memory_gib": 31.455806732177734,
        "windows_free_memory_gib": 4.671749114990234,
        "cad_processes": [
          {
            "name": "sldworks.exe",
            "pid": 34244,
            "working_set_mib": 97.148,
            "private_memory_mib": 782.258
          },
          {
            "name": "sldworks.exe",
            "pid": 43236,
            "working_set_mib": 1.836,
            "private_memory_mib": 5152.91
          },
          {
            "name": "ugraf.exe",
            "pid": 27816,
            "working_set_mib": 1389.027,
            "private_memory_mib": 20878.293
          }
        ],
        "gpu_count": 1,
        "gpu_total_memory_mib": 24467,
        "gpu_used_memory_mib": 13865,
        "gpu_free_memory_mib": 10297,
        "gpu_unaccounted_memory_mib": 305
      },
      "checks": {
        "windows_memory_probe_valid": true,
        "windows_free_memory_sufficient": true,
        "cad_process_probe_valid": true,
        "cad_coexistence_allowed": true,
        "gpu_memory_probe_valid": true,
        "gpu_free_memory_sufficient": true
      },
      "runtime_started": true,
      "authorization_consumed": true,
      "passed": true,
      "sample_index": 3,
      "sampled_at_utc": "2026-07-27T16:10:13.403112+00:00"
    },
    {
      "schema": "cinebotrl_windows_shared_resource_admission_v2",
      "phase": "runtime",
      "thresholds": {
        "minimum_windows_free_memory_gib": 1.5,
        "minimum_gpu_free_memory_mib": 2048,
        "launch_minimum_windows_free_memory_gib": 5.0,
        "launch_minimum_gpu_free_memory_mib": 9216,
        "runtime_minimum_windows_free_memory_gib": 1.5,
        "runtime_minimum_gpu_free_memory_mib": 2048,
        "cad_coexistence_allowed": true,
        "cad_process_names": [
          "creoparametric.exe",
          "parametric.exe",
          "proe.exe",
          "sldworks.exe",
          "ugraf.exe",
          "xtop.exe"
        ]
      },
      "observed": {
        "windows_total_memory_gib": 31.455806732177734,
        "windows_free_memory_gib": 4.464393615722656,
        "cad_processes": [
          {
            "name": "sldworks.exe",
            "pid": 34244,
            "working_set_mib": 97.168,
            "private_memory_mib": 782.289
          },
          {
            "name": "sldworks.exe",
            "pid": 43236,
            "working_set_mib": 1.836,
            "private_memory_mib": 5152.91
          },
          {
            "name": "ugraf.exe",
            "pid": 27816,
            "working_set_mib": 1389.027,
            "private_memory_mib": 20878.293
          }
        ],
        "gpu_count": 1,
        "gpu_total_memory_mib": 24467,
        "gpu_used_memory_mib": 13897,
        "gpu_free_memory_mib": 10265,
        "gpu_unaccounted_memory_mib": 305
      },
      "checks": {
        "windows_memory_probe_valid": true,
        "windows_free_memory_sufficient": true,
        "cad_process_probe_valid": true,
        "cad_coexistence_allowed": true,
        "gpu_memory_probe_valid": true,
        "gpu_free_memory_sufficient": true
      },
      "runtime_started": true,
      "authorization_consumed": true,
      "passed": true,
      "sample_index": 4,
      "sampled_at_utc": "2026-07-27T16:10:19.385538+00:00"
    },
    {
      "schema": "cinebotrl_windows_shared_resource_admission_v2",
      "phase": "runtime",
      "thresholds": {
        "minimum_windows_free_memory_gib": 1.5,
        "minimum_gpu_free_memory_mib": 2048,
        "launch_minimum_windows_free_memory_gib": 5.0,
        "launch_minimum_gpu_free_memory_mib": 9216,
        "runtime_minimum_windows_free_memory_gib": 1.5,
        "runtime_minimum_gpu_free_memory_mib": 2048,
        "cad_coexistence_allowed": true,
        "cad_process_names": [
          "creoparametric.exe",
          "parametric.exe",
          "proe.exe",
          "sldworks.exe",
          "ugraf.exe",
          "xtop.exe"
        ]
      },
      "observed": {
        "windows_total_memory_gib": 31.455806732177734,
        "windows_free_memory_gib": 4.067207336425781,
        "cad_processes": [
          {
            "name": "sldworks.exe",
            "pid": 34244,
            "working_set_mib": 97.145,
            "private_memory_mib": 782.258
          },
          {
            "name": "sldworks.exe",
            "pid": 43236,
            "working_set_mib": 1.832,
            "private_memory_mib": 5152.91
          },
          {
            "name": "ugraf.exe",
            "pid": 27816,
            "working_set_mib": 1389.027,
            "private_memory_mib": 20878.293
          }
        ],
        "gpu_count": 1,
        "gpu_total_memory_mib": 24467,
        "gpu_used_memory_mib": 13956,
        "gpu_free_memory_mib": 10206,
        "gpu_unaccounted_memory_mib": 305
      },
      "checks": {
        "windows_memory_probe_valid": true,
        "windows_free_memory_sufficient": true,
        "cad_process_probe_valid": true,
        "cad_coexistence_allowed": true,
        "gpu_memory_probe_valid": true,
        "gpu_free_memory_sufficient": true
      },
      "runtime_started": true,
      "authorization_consumed": true,
      "passed": true,
      "sample_index": 5,
      "sampled_at_utc": "2026-07-27T16:10:25.576155+00:00"
    },
    {
      "schema": "cinebotrl_windows_shared_resource_admission_v2",
      "phase": "runtime",
      "thresholds": {
        "minimum_windows_free_memory_gib": 1.5,
        "minimum_gpu_free_memory_mib": 2048,
        "launch_minimum_windows_free_memory_gib": 5.0,
        "launch_minimum_gpu_free_memory_mib": 9216,
        "runtime_minimum_windows_free_memory_gib": 1.5,
        "runtime_minimum_gpu_free_memory_mib": 2048,
        "cad_coexistence_allowed": true,
        "cad_process_names": [
          "creoparametric.exe",
          "parametric.exe",
          "proe.exe",
          "sldworks.exe",
          "ugraf.exe",
          "xtop.exe"
        ]
      },
      "observed": {
        "windows_total_memory_gib": 31.455806732177734,
        "windows_free_memory_gib": 2.9334182739257812,
        "cad_processes": [
          {
            "name": "sldworks.exe",
            "pid": 34244,
            "working_set_mib": 89.82,
            "private_memory_mib": 783.82
          },
          {
            "name": "sldworks.exe",
            "pid": 43236,
            "working_set_mib": 0.926,
            "private_memory_mib": 5152.91
          },
          {
            "name": "ugraf.exe",
            "pid": 27816,
            "working_set_mib": 1267.082,
            "private_memory_mib": 20878.293
          }
        ],
        "gpu_count": 1,
        "gpu_total_memory_mib": 24467,
        "gpu_used_memory_mib": 16090,
        "gpu_free_memory_mib": 8072,
        "gpu_unaccounted_memory_mib": 305
      },
      "checks": {
        "windows_memory_probe_valid": true,
        "windows_free_memory_sufficient": true,
        "cad_process_probe_valid": true,
        "cad_coexistence_allowed": true,
        "gpu_memory_probe_valid": true,
        "gpu_free_memory_sufficient": true
      },
      "runtime_started": true,
      "authorization_consumed": true,
      "passed": true,
      "sample_index": 6,
      "sampled_at_utc": "2026-07-27T16:10:32.397703+00:00"
    },
    {
      "schema": "cinebotrl_windows_shared_resource_admission_v2",
      "phase": "runtime",
      "thresholds": {
        "minimum_windows_free_memory_gib": 1.5,
        "minimum_gpu_free_memory_mib": 2048,
        "launch_minimum_windows_free_memory_gib": 5.0,
        "launch_minimum_gpu_free_memory_mib": 9216,
        "runtime_minimum_windows_free_memory_gib": 1.5,
        "runtime_minimum_gpu_free_memory_mib": 2048,
        "cad_coexistence_allowed": true,
        "cad_process_names": [
          "creoparametric.exe",
          "parametric.exe",
          "proe.exe",
          "sldworks.exe",
          "ugraf.exe",
          "xtop.exe"
        ]
      },
      "observed": {
        "windows_total_memory_gib": 31.455806732177734,
        "windows_free_memory_gib": 2.9259033203125,
        "cad_processes": [
          {
            "name": "sldworks.exe",
            "pid": 34244,
            "working_set_mib": 89.922,
            "private_memory_mib": 783.922
          },
          {
            "name": "sldworks.exe",
            "pid": 43236,
            "working_set_mib": 0.926,
            "private_memory_mib": 5152.91
          },
          {
            "name": "ugraf.exe",
            "pid": 27816,
            "working_set_mib": 1267.082,
            "private_memory_mib": 20878.293
          }
        ],
        "gpu_count": 1,
        "gpu_total_memory_mib": 24467,
        "gpu_used_memory_mib": 16090,
        "gpu_free_memory_mib": 8072,
        "gpu_unaccounted_memory_mib": 305
      },
      "checks": {
        "windows_memory_probe_valid": true,
        "windows_free_memory_sufficient": true,
        "cad_process_probe_valid": true,
        "cad_coexistence_allowed": true,
        "gpu_memory_probe_valid": true,
        "gpu_free_memory_sufficient": true
      },
      "runtime_started": true,
      "authorization_consumed": true,
      "passed": true,
      "sample_index": 7,
      "sampled_at_utc": "2026-07-27T16:10:38.396321+00:00"
    },
    {
      "schema": "cinebotrl_windows_shared_resource_admission_v2",
      "phase": "runtime",
      "thresholds": {
        "minimum_windows_free_memory_gib": 1.5,
        "minimum_gpu_free_memory_mib": 2048,
        "launch_minimum_windows_free_memory_gib": 5.0,
        "launch_minimum_gpu_free_memory_mib": 9216,
        "runtime_minimum_windows_free_memory_gib": 1.5,
        "runtime_minimum_gpu_free_memory_mib": 2048,
        "cad_coexistence_allowed": true,
        "cad_process_names": [
          "creoparametric.exe",
          "parametric.exe",
          "proe.exe",
          "sldworks.exe",
          "ugraf.exe",
          "xtop.exe"
        ]
      },
      "observed": {
        "windows_total_memory_gib": 31.455806732177734,
        "windows_free_memory_gib": 2.920886993408203,
        "cad_processes": [
          {
            "name": "sldworks.exe",
            "pid": 34244,
            "working_set_mib": 89.922,
            "private_memory_mib": 783.922
          },
          {
            "name": "sldworks.exe",
            "pid": 43236,
            "working_set_mib": 0.926,
            "private_memory_mib": 5152.91
          },
          {
            "name": "ugraf.exe",
            "pid": 27816,
            "working_set_mib": 1267.082,
            "private_memory_mib": 20878.293
          }
        ],
        "gpu_count": 1,
        "gpu_total_memory_mib": 24467,
        "gpu_used_memory_mib": 16090,
        "gpu_free_memory_mib": 8072,
        "gpu_unaccounted_memory_mib": 305
      },
      "checks": {
        "windows_memory_probe_valid": true,
        "windows_free_memory_sufficient": true,
        "cad_process_probe_valid": true,
        "cad_coexistence_allowed": true,
        "gpu_memory_probe_valid": true,
        "gpu_free_memory_sufficient": true
      },
      "runtime_started": true,
      "authorization_consumed": true,
      "passed": true,
      "sample_index": 8,
      "sampled_at_utc": "2026-07-27T16:10:44.381454+00:00"
    },
    {
      "schema": "cinebotrl_windows_shared_resource_admission_v2",
      "phase": "runtime",
      "thresholds": {
        "minimum_windows_free_memory_gib": 1.5,
        "minimum_gpu_free_memory_mib": 2048,
        "launch_minimum_windows_free_memory_gib": 5.0,
        "launch_minimum_gpu_free_memory_mib": 9216,
        "runtime_minimum_windows_free_memory_gib": 1.5,
        "runtime_minimum_gpu_free_memory_mib": 2048,
        "cad_coexistence_allowed": true,
        "cad_process_names": [
          "creoparametric.exe",
          "parametric.exe",
          "proe.exe",
          "sldworks.exe",
          "ugraf.exe",
          "xtop.exe"
        ]
      },
      "observed": {
        "windows_total_memory_gib": 31.455806732177734,
        "windows_free_memory_gib": 2.921398162841797,
        "cad_processes": [
          {
            "name": "sldworks.exe",
            "pid": 34244,
            "working_set_mib": 89.902,
            "private_memory_mib": 783.883
          },
          {
            "name": "sldworks.exe",
            "pid": 43236,
            "working_set_mib": 0.926,
            "private_memory_mib": 5152.91
          },
          {
            "name": "ugraf.exe",
            "pid": 27816,
            "working_set_mib": 1267.082,
            "private_memory_mib": 20878.293
          }
        ],
        "gpu_count": 1,
        "gpu_total_memory_mib": 24467,
        "gpu_used_memory_mib": 16090,
        "gpu_free_memory_mib": 8072,
        "gpu_unaccounted_memory_mib": 305
      },
      "checks": {
        "windows_memory_probe_valid": true,
        "windows_free_memory_sufficient": true,
        "cad_process_probe_valid": true,
        "cad_coexistence_allowed": true,
        "gpu_memory_probe_valid": true,
        "gpu_free_memory_sufficient": true
      },
      "runtime_started": true,
      "authorization_consumed": true,
      "passed": true,
      "sample_index": 9,
      "sampled_at_utc": "2026-07-27T16:10:50.394703+00:00"
    },
    {
      "schema": "cinebotrl_windows_shared_resource_admission_v2",
      "phase": "runtime",
      "thresholds": {
        "minimum_windows_free_memory_gib": 1.5,
        "minimum_gpu_free_memory_mib": 2048,
        "launch_minimum_windows_free_memory_gib": 5.0,
        "launch_minimum_gpu_free_memory_mib": 9216,
        "runtime_minimum_windows_free_memory_gib": 1.5,
        "runtime_minimum_gpu_free_memory_mib": 2048,
        "cad_coexistence_allowed": true,
        "cad_process_names": [
          "creoparametric.exe",
          "parametric.exe",
          "proe.exe",
          "sldworks.exe",
          "ugraf.exe",
          "xtop.exe"
        ]
      },
      "observed": {
        "windows_total_memory_gib": 31.455806732177734,
        "windows_free_memory_gib": 2.9191360473632812,
        "cad_processes": [
          {
            "name": "sldworks.exe",
            "pid": 34244,
            "working_set_mib": 89.883,
            "private_memory_mib": 783.848
          },
          {
            "name": "sldworks.exe",
            "pid": 43236,
            "working_set_mib": 0.926,
            "private_memory_mib": 5152.91
          },
          {
            "name": "ugraf.exe",
            "pid": 27816,
            "working_set_mib": 1267.082,
            "private_memory_mib": 20878.293
          }
        ],
        "gpu_count": 1,
        "gpu_total_memory_mib": 24467,
        "gpu_used_memory_mib": 16090,
        "gpu_free_memory_mib": 8072,
        "gpu_unaccounted_memory_mib": 305
      },
      "checks": {
        "windows_memory_probe_valid": true,
        "windows_free_memory_sufficient": true,
        "cad_process_probe_valid": true,
        "cad_coexistence_allowed": true,
        "gpu_memory_probe_valid": true,
        "gpu_free_memory_sufficient": true
      },
      "runtime_started": true,
      "authorization_consumed": true,
      "passed": true,
      "sample_index": 10,
      "sampled_at_utc": "2026-07-27T16:10:56.331152+00:00"
    },
    {
      "schema": "cinebotrl_windows_shared_resource_admission_v2",
      "phase": "runtime",
      "thresholds": {
        "minimum_windows_free_memory_gib": 1.5,
        "minimum_gpu_free_memory_mib": 2048,
        "launch_minimum_windows_free_memory_gib": 5.0,
        "launch_minimum_gpu_free_memory_mib": 9216,
        "runtime_minimum_windows_free_memory_gib": 1.5,
        "runtime_minimum_gpu_free_memory_mib": 2048,
        "cad_coexistence_allowed": true,
        "cad_process_names": [
          "creoparametric.exe",
          "parametric.exe",
          "proe.exe",
          "sldworks.exe",
          "ugraf.exe",
          "xtop.exe"
        ]
      },
      "observed": {
        "windows_total_memory_gib": 31.455806732177734,
        "windows_free_memory_gib": 2.9292755126953125,
        "cad_processes": [
          {
            "name": "sldworks.exe",
            "pid": 34244,
            "working_set_mib": 89.883,
            "private_memory_mib": 783.848
          },
          {
            "name": "sldworks.exe",
            "pid": 43236,
            "working_set_mib": 0.926,
            "private_memory_mib": 5152.91
          },
          {
            "name": "ugraf.exe",
            "pid": 27816,
            "working_set_mib": 1267.082,
            "private_memory_mib": 20878.293
          }
        ],
        "gpu_count": 1,
        "gpu_total_memory_mib": 24467,
        "gpu_used_memory_mib": 16090,
        "gpu_free_memory_mib": 8072,
        "gpu_unaccounted_memory_mib": 305
      },
      "checks": {
        "windows_memory_probe_valid": true,
        "windows_free_memory_sufficient": true,
        "cad_process_probe_valid": true,
        "cad_coexistence_allowed": true,
        "gpu_memory_probe_valid": true,
        "gpu_free_memory_sufficient": true
      },
      "runtime_started": true,
      "authorization_consumed": true,
      "passed": true,
      "sample_index": 11,
      "sampled_at_utc": "2026-07-27T16:11:03.162898+00:00"
    },
    {
      "schema": "cinebotrl_windows_shared_resource_admission_v2",
      "phase": "runtime",
      "thresholds": {
        "minimum_windows_free_memory_gib": 1.5,
        "minimum_gpu_free_memory_mib": 2048,
        "launch_minimum_windows_free_memory_gib": 5.0,
        "launch_minimum_gpu_free_memory_mib": 9216,
        "runtime_minimum_windows_free_memory_gib": 1.5,
        "runtime_minimum_gpu_free_memory_mib": 2048,
        "cad_coexistence_allowed": true,
        "cad_process_names": [
          "creoparametric.exe",
          "parametric.exe",
          "proe.exe",
          "sldworks.exe",
          "ugraf.exe",
          "xtop.exe"
        ]
      },
      "observed": {
        "windows_total_memory_gib": 31.455806732177734,
        "windows_free_memory_gib": 2.9269180297851562,
        "cad_processes": [
          {
            "name": "sldworks.exe",
            "pid": 34244,
            "working_set_mib": 89.883,
            "private_memory_mib": 783.848
          },
          {
            "name": "sldworks.exe",
            "pid": 43236,
            "working_set_mib": 0.926,
            "private_memory_mib": 5152.91
          },
          {
            "name": "ugraf.exe",
            "pid": 27816,
            "working_set_mib": 1267.082,
            "private_memory_mib": 20878.293
          }
        ],
        "gpu_count": 1,
        "gpu_total_memory_mib": 24467,
        "gpu_used_memory_mib": 16090,
        "gpu_free_memory_mib": 8072,
        "gpu_unaccounted_memory_mib": 305
      },
      "checks": {
        "windows_memory_probe_valid": true,
        "windows_free_memory_sufficient": true,
        "cad_process_probe_valid": true,
        "cad_coexistence_allowed": true,
        "gpu_memory_probe_valid": true,
        "gpu_free_memory_sufficient": true
      },
      "runtime_started": true,
      "authorization_consumed": true,
      "passed": true,
      "sample_index": 12,
      "sampled_at_utc": "2026-07-27T16:11:09.110281+00:00"
    },
    {
      "schema": "cinebotrl_windows_shared_resource_admission_v2",
      "phase": "runtime",
      "thresholds": {
        "minimum_windows_free_memory_gib": 1.5,
        "minimum_gpu_free_memory_mib": 2048,
        "launch_minimum_windows_free_memory_gib": 5.0,
        "launch_minimum_gpu_free_memory_mib": 9216,
        "runtime_minimum_windows_free_memory_gib": 1.5,
        "runtime_minimum_gpu_free_memory_mib": 2048,
        "cad_coexistence_allowed": true,
        "cad_process_names": [
          "creoparametric.exe",
          "parametric.exe",
          "proe.exe",
          "sldworks.exe",
          "ugraf.exe",
          "xtop.exe"
        ]
      },
      "observed": {
        "windows_total_memory_gib": 31.455806732177734,
        "windows_free_memory_gib": 2.9302749633789062,
        "cad_processes": [
          {
            "name": "sldworks.exe",
            "pid": 34244,
            "working_set_mib": 89.883,
            "private_memory_mib": 783.848
          },
          {
            "name": "sldworks.exe",
            "pid": 43236,
            "working_set_mib": 0.926,
            "private_memory_mib": 5152.91
          },
          {
            "name": "ugraf.exe",
            "pid": 27816,
            "working_set_mib": 1267.082,
            "private_memory_mib": 20878.293
          }
        ],
        "gpu_count": 1,
        "gpu_total_memory_mib": 24467,
        "gpu_used_memory_mib": 16090,
        "gpu_free_memory_mib": 8072,
        "gpu_unaccounted_memory_mib": 305
      },
      "checks": {
        "windows_memory_probe_valid": true,
        "windows_free_memory_sufficient": true,
        "cad_process_probe_valid": true,
        "cad_coexistence_allowed": true,
        "gpu_memory_probe_valid": true,
        "gpu_free_memory_sufficient": true
      },
      "runtime_started": true,
      "authorization_consumed": true,
      "passed": true,
      "sample_index": 13,
      "sampled_at_utc": "2026-07-27T16:11:15.214028+00:00"
    },
    {
      "schema": "cinebotrl_windows_shared_resource_admission_v2",
      "phase": "runtime",
      "thresholds": {
        "minimum_windows_free_memory_gib": 1.5,
        "minimum_gpu_free_memory_mib": 2048,
        "launch_minimum_windows_free_memory_gib": 5.0,
        "launch_minimum_gpu_free_memory_mib": 9216,
        "runtime_minimum_windows_free_memory_gib": 1.5,
        "runtime_minimum_gpu_free_memory_mib": 2048,
        "cad_coexistence_allowed": true,
        "cad_process_names": [
          "creoparametric.exe",
          "parametric.exe",
          "proe.exe",
          "sldworks.exe",
          "ugraf.exe",
          "xtop.exe"
        ]
      },
      "observed": {
        "windows_total_memory_gib": 31.455806732177734,
        "windows_free_memory_gib": 2.9140281677246094,
        "cad_processes": [
          {
            "name": "sldworks.exe",
            "pid": 34244,
            "working_set_mib": 89.883,
            "private_memory_mib": 783.848
          },
          {
            "name": "sldworks.exe",
            "pid": 43236,
            "working_set_mib": 0.926,
            "private_memory_mib": 5152.91
          },
          {
            "name": "ugraf.exe",
            "pid": 27816,
            "working_set_mib": 1267.082,
            "private_memory_mib": 20878.293
          }
        ],
        "gpu_count": 1,
        "gpu_total_memory_mib": 24467,
        "gpu_used_memory_mib": 16090,
        "gpu_free_memory_mib": 8072,
        "gpu_unaccounted_memory_mib": 305
      },
      "checks": {
        "windows_memory_probe_valid": true,
        "windows_free_memory_sufficient": true,
        "cad_process_probe_valid": true,
        "cad_coexistence_allowed": true,
        "gpu_memory_probe_valid": true,
        "gpu_free_memory_sufficient": true
      },
      "runtime_started": true,
      "authorization_consumed": true,
      "passed": true,
      "sample_index": 14,
      "sampled_at_utc": "2026-07-27T16:11:21.323826+00:00"
    },
    {
      "schema": "cinebotrl_windows_shared_resource_admission_v2",
      "phase": "runtime",
      "thresholds": {
        "minimum_windows_free_memory_gib": 1.5,
        "minimum_gpu_free_memory_mib": 2048,
        "launch_minimum_windows_free_memory_gib": 5.0,
        "launch_minimum_gpu_free_memory_mib": 9216,
        "runtime_minimum_windows_free_memory_gib": 1.5,
        "runtime_minimum_gpu_free_memory_mib": 2048,
        "cad_coexistence_allowed": true,
        "cad_process_names": [
          "creoparametric.exe",
          "parametric.exe",
          "proe.exe",
          "sldworks.exe",
          "ugraf.exe",
          "xtop.exe"
        ]
      },
      "observed": {
        "windows_total_memory_gib": 31.455806732177734,
        "windows_free_memory_gib": 2.9211349487304688,
        "cad_processes": [
          {
            "name": "sldworks.exe",
            "pid": 34244,
            "working_set_mib": 89.883,
            "private_memory_mib": 783.848
          },
          {
            "name": "sldworks.exe",
            "pid": 43236,
            "working_set_mib": 0.926,
            "private_memory_mib": 5152.91
          },
          {
            "name": "ugraf.exe",
            "pid": 27816,
            "working_set_mib": 1267.082,
            "private_memory_mib": 20878.293
          }
        ],
        "gpu_count": 1,
        "gpu_total_memory_mib": 24467,
        "gpu_used_memory_mib": 16090,
        "gpu_free_memory_mib": 8072,
        "gpu_unaccounted_memory_mib": 305
      },
      "checks": {
        "windows_memory_probe_valid": true,
        "windows_free_memory_sufficient": true,
        "cad_process_probe_valid": true,
        "cad_coexistence_allowed": true,
        "gpu_memory_probe_valid": true,
        "gpu_free_memory_sufficient": true
      },
      "runtime_started": true,
      "authorization_consumed": true,
      "passed": true,
      "sample_index": 15,
      "sampled_at_utc": "2026-07-27T16:11:27.374101+00:00"
    },
    {
      "schema": "cinebotrl_windows_shared_resource_admission_v2",
      "phase": "runtime",
      "thresholds": {
        "minimum_windows_free_memory_gib": 1.5,
        "minimum_gpu_free_memory_mib": 2048,
        "launch_minimum_windows_free_memory_gib": 5.0,
        "launch_minimum_gpu_free_memory_mib": 9216,
        "runtime_minimum_windows_free_memory_gib": 1.5,
        "runtime_minimum_gpu_free_memory_mib": 2048,
        "cad_coexistence_allowed": true,
        "cad_process_names": [
          "creoparametric.exe",
          "parametric.exe",
          "proe.exe",
          "sldworks.exe",
          "ugraf.exe",
          "xtop.exe"
        ]
      },
      "observed": {
        "windows_total_memory_gib": 31.455806732177734,
        "windows_free_memory_gib": 2.8488121032714844,
        "cad_processes": [
          {
            "name": "sldworks.exe",
            "pid": 34244,
            "working_set_mib": 89.902,
            "private_memory_mib": 783.879
          },
          {
            "name": "sldworks.exe",
            "pid": 43236,
            "working_set_mib": 0.926,
            "private_memory_mib": 5152.91
          },
          {
            "name": "ugraf.exe",
            "pid": 27816,
            "working_set_mib": 1267.082,
            "private_memory_mib": 20878.293
          }
        ],
        "gpu_count": 1,
        "gpu_total_memory_mib": 24467,
        "gpu_used_memory_mib": 16090,
        "gpu_free_memory_mib": 8072,
        "gpu_unaccounted_memory_mib": 305
      },
      "checks": {
        "windows_memory_probe_valid": true,
        "windows_free_memory_sufficient": true,
        "cad_process_probe_valid": true,
        "cad_coexistence_allowed": true,
        "gpu_memory_probe_valid": true,
        "gpu_free_memory_sufficient": true
      },
      "runtime_started": true,
      "authorization_consumed": true,
      "passed": true,
      "sample_index": 16,
      "sampled_at_utc": "2026-07-27T16:11:34.218278+00:00"
    },
    {
      "schema": "cinebotrl_windows_shared_resource_admission_v2",
      "phase": "runtime",
      "thresholds": {
        "minimum_windows_free_memory_gib": 1.5,
        "minimum_gpu_free_memory_mib": 2048,
        "launch_minimum_windows_free_memory_gib": 5.0,
        "launch_minimum_gpu_free_memory_mib": 9216,
        "runtime_minimum_windows_free_memory_gib": 1.5,
        "runtime_minimum_gpu_free_memory_mib": 2048,
        "cad_coexistence_allowed": true,
        "cad_process_names": [
          "creoparametric.exe",
          "parametric.exe",
          "proe.exe",
          "sldworks.exe",
          "ugraf.exe",
          "xtop.exe"
        ]
      },
      "observed": {
        "windows_total_memory_gib": 31.455806732177734,
        "windows_free_memory_gib": 2.8413124084472656,
        "cad_processes": [
          {
            "name": "sldworks.exe",
            "pid": 34244,
            "working_set_mib": 89.883,
            "private_memory_mib": 783.848
          },
          {
            "name": "sldworks.exe",
            "pid": 43236,
            "working_set_mib": 0.926,
            "private_memory_mib": 5152.91
          },
          {
            "name": "ugraf.exe",
            "pid": 27816,
            "working_set_mib": 1267.082,
            "private_memory_mib": 20878.293
          }
        ],
        "gpu_count": 1,
        "gpu_total_memory_mib": 24467,
        "gpu_used_memory_mib": 16090,
        "gpu_free_memory_mib": 8072,
        "gpu_unaccounted_memory_mib": 305
      },
      "checks": {
        "windows_memory_probe_valid": true,
        "windows_free_memory_sufficient": true,
        "cad_process_probe_valid": true,
        "cad_coexistence_allowed": true,
        "gpu_memory_probe_valid": true,
        "gpu_free_memory_sufficient": true
      },
      "runtime_started": true,
      "authorization_consumed": true,
      "passed": true,
      "sample_index": 17,
      "sampled_at_utc": "2026-07-27T16:11:40.233666+00:00"
    },
    {
      "schema": "cinebotrl_windows_shared_resource_admission_v2",
      "phase": "runtime",
      "thresholds": {
        "minimum_windows_free_memory_gib": 1.5,
        "minimum_gpu_free_memory_mib": 2048,
        "launch_minimum_windows_free_memory_gib": 5.0,
        "launch_minimum_gpu_free_memory_mib": 9216,
        "runtime_minimum_windows_free_memory_gib": 1.5,
        "runtime_minimum_gpu_free_memory_mib": 2048,
        "cad_coexistence_allowed": true,
        "cad_process_names": [
          "creoparametric.exe",
          "parametric.exe",
          "proe.exe",
          "sldworks.exe",
          "ugraf.exe",
          "xtop.exe"
        ]
      },
      "observed": {
        "windows_total_memory_gib": 31.455806732177734,
        "windows_free_memory_gib": 2.8377151489257812,
        "cad_processes": [
          {
            "name": "sldworks.exe",
            "pid": 34244,
            "working_set_mib": 89.883,
            "private_memory_mib": 783.848
          },
          {
            "name": "sldworks.exe",
            "pid": 43236,
            "working_set_mib": 0.926,
            "private_memory_mib": 5152.91
          },
          {
            "name": "ugraf.exe",
            "pid": 27816,
            "working_set_mib": 1267.082,
            "private_memory_mib": 20878.293
          }
        ],
        "gpu_count": 1,
        "gpu_total_memory_mib": 24467,
        "gpu_used_memory_mib": 16090,
        "gpu_free_memory_mib": 8072,
        "gpu_unaccounted_memory_mib": 305
      },
      "checks": {
        "windows_memory_probe_valid": true,
        "windows_free_memory_sufficient": true,
        "cad_process_probe_valid": true,
        "cad_coexistence_allowed": true,
        "gpu_memory_probe_valid": true,
        "gpu_free_memory_sufficient": true
      },
      "runtime_started": true,
      "authorization_consumed": true,
      "passed": true,
      "sample_index": 18,
      "sampled_at_utc": "2026-07-27T16:11:46.308030+00:00"
    },
    {
      "schema": "cinebotrl_windows_shared_resource_admission_v2",
      "phase": "runtime",
      "thresholds": {
        "minimum_windows_free_memory_gib": 1.5,
        "minimum_gpu_free_memory_mib": 2048,
        "launch_minimum_windows_free_memory_gib": 5.0,
        "launch_minimum_gpu_free_memory_mib": 9216,
        "runtime_minimum_windows_free_memory_gib": 1.5,
        "runtime_minimum_gpu_free_memory_mib": 2048,
        "cad_coexistence_allowed": true,
        "cad_process_names": [
          "creoparametric.exe",
          "parametric.exe",
          "proe.exe",
          "sldworks.exe",
          "ugraf.exe",
          "xtop.exe"
        ]
      },
      "observed": {
        "windows_total_memory_gib": 31.455806732177734,
        "windows_free_memory_gib": 2.8358306884765625,
        "cad_processes": [
          {
            "name": "sldworks.exe",
            "pid": 34244,
            "working_set_mib": 89.883,
            "private_memory_mib": 783.848
          },
          {
            "name": "sldworks.exe",
            "pid": 43236,
            "working_set_mib": 0.926,
            "private_memory_mib": 5152.91
          },
          {
            "name": "ugraf.exe",
            "pid": 27816,
            "working_set_mib": 1267.082,
            "private_memory_mib": 20878.293
          }
        ],
        "gpu_count": 1,
        "gpu_total_memory_mib": 24467,
        "gpu_used_memory_mib": 16090,
        "gpu_free_memory_mib": 8072,
        "gpu_unaccounted_memory_mib": 305
      },
      "checks": {
        "windows_memory_probe_valid": true,
        "windows_free_memory_sufficient": true,
        "cad_process_probe_valid": true,
        "cad_coexistence_allowed": true,
        "gpu_memory_probe_valid": true,
        "gpu_free_memory_sufficient": true
      },
      "runtime_started": true,
      "authorization_consumed": true,
      "passed": true,
      "sample_index": 19,
      "sampled_at_utc": "2026-07-27T16:11:52.300007+00:00"
    },
    {
      "schema": "cinebotrl_windows_shared_resource_admission_v2",
      "phase": "runtime",
      "thresholds": {
        "minimum_windows_free_memory_gib": 1.5,
        "minimum_gpu_free_memory_mib": 2048,
        "launch_minimum_windows_free_memory_gib": 5.0,
        "launch_minimum_gpu_free_memory_mib": 9216,
        "runtime_minimum_windows_free_memory_gib": 1.5,
        "runtime_minimum_gpu_free_memory_mib": 2048,
        "cad_coexistence_allowed": true,
        "cad_process_names": [
          "creoparametric.exe",
          "parametric.exe",
          "proe.exe",
          "sldworks.exe",
          "ugraf.exe",
          "xtop.exe"
        ]
      },
      "observed": {
        "windows_total_memory_gib": 31.455806732177734,
        "windows_free_memory_gib": 2.8355369567871094,
        "cad_processes": [
          {
            "name": "sldworks.exe",
            "pid": 34244,
            "working_set_mib": 89.883,
            "private_memory_mib": 783.848
          },
          {
            "name": "sldworks.exe",
            "pid": 43236,
            "working_set_mib": 0.926,
            "private_memory_mib": 5152.91
          },
          {
            "name": "ugraf.exe",
            "pid": 27816,
            "working_set_mib": 1267.082,
            "private_memory_mib": 20878.293
          }
        ],
        "gpu_count": 1,
        "gpu_total_memory_mib": 24467,
        "gpu_used_memory_mib": 16090,
        "gpu_free_memory_mib": 8072,
        "gpu_unaccounted_memory_mib": 305
      },
      "checks": {
        "windows_memory_probe_valid": true,
        "windows_free_memory_sufficient": true,
        "cad_process_probe_valid": true,
        "cad_coexistence_allowed": true,
        "gpu_memory_probe_valid": true,
        "gpu_free_memory_sufficient": true
      },
      "runtime_started": true,
      "authorization_consumed": true,
      "passed": true,
      "sample_index": 20,
      "sampled_at_utc": "2026-07-27T16:11:58.273134+00:00"
    },
    {
      "schema": "cinebotrl_windows_shared_resource_admission_v2",
      "phase": "runtime",
      "thresholds": {
        "minimum_windows_free_memory_gib": 1.5,
        "minimum_gpu_free_memory_mib": 2048,
        "launch_minimum_windows_free_memory_gib": 5.0,
        "launch_minimum_gpu_free_memory_mib": 9216,
        "runtime_minimum_windows_free_memory_gib": 1.5,
        "runtime_minimum_gpu_free_memory_mib": 2048,
        "cad_coexistence_allowed": true,
        "cad_process_names": [
          "creoparametric.exe",
          "parametric.exe",
          "proe.exe",
          "sldworks.exe",
          "ugraf.exe",
          "xtop.exe"
        ]
      },
      "observed": {
        "windows_total_memory_gib": 31.455806732177734,
        "windows_free_memory_gib": 2.836223602294922,
        "cad_processes": [
          {
            "name": "sldworks.exe",
            "pid": 34244,
            "working_set_mib": 89.902,
            "private_memory_mib": 783.879
          },
          {
            "name": "sldworks.exe",
            "pid": 43236,
            "working_set_mib": 0.926,
            "private_memory_mib": 5152.91
          },
          {
            "name": "ugraf.exe",
            "pid": 27816,
            "working_set_mib": 1267.082,
            "private_memory_mib": 20878.293
          }
        ],
        "gpu_count": 1,
        "gpu_total_memory_mib": 24467,
        "gpu_used_memory_mib": 16090,
        "gpu_free_memory_mib": 8072,
        "gpu_unaccounted_memory_mib": 305
      },
      "checks": {
        "windows_memory_probe_valid": true,
        "windows_free_memory_sufficient": true,
        "cad_process_probe_valid": true,
        "cad_coexistence_allowed": true,
        "gpu_memory_probe_valid": true,
        "gpu_free_memory_sufficient": true
      },
      "runtime_started": true,
      "authorization_consumed": true,
      "passed": true,
      "sample_index": 21,
      "sampled_at_utc": "2026-07-27T16:12:04.263885+00:00"
    },
    {
      "schema": "cinebotrl_windows_shared_resource_admission_v2",
      "phase": "runtime",
      "thresholds": {
        "minimum_windows_free_memory_gib": 1.5,
        "minimum_gpu_free_memory_mib": 2048,
        "launch_minimum_windows_free_memory_gib": 5.0,
        "launch_minimum_gpu_free_memory_mib": 9216,
        "runtime_minimum_windows_free_memory_gib": 1.5,
        "runtime_minimum_gpu_free_memory_mib": 2048,
        "cad_coexistence_allowed": true,
        "cad_process_names": [
          "creoparametric.exe",
          "parametric.exe",
          "proe.exe",
          "sldworks.exe",
          "ugraf.exe",
          "xtop.exe"
        ]
      },
      "observed": {
        "windows_total_memory_gib": 31.455806732177734,
        "windows_free_memory_gib": 2.8850936889648438,
        "cad_processes": [
          {
            "name": "sldworks.exe",
            "pid": 34244,
            "working_set_mib": 89.914,
            "private_memory_mib": 783.887
          },
          {
            "name": "sldworks.exe",
            "pid": 43236,
            "working_set_mib": 0.926,
            "private_memory_mib": 5152.91
          },
          {
            "name": "ugraf.exe",
            "pid": 27816,
            "working_set_mib": 1267.082,
            "private_memory_mib": 20878.293
          }
        ],
        "gpu_count": 1,
        "gpu_total_memory_mib": 24467,
        "gpu_used_memory_mib": 16090,
        "gpu_free_memory_mib": 8072,
        "gpu_unaccounted_memory_mib": 305
      },
      "checks": {
        "windows_memory_probe_valid": true,
        "windows_free_memory_sufficient": true,
        "cad_process_probe_valid": true,
        "cad_coexistence_allowed": true,
        "gpu_memory_probe_valid": true,
        "gpu_free_memory_sufficient": true
      },
      "runtime_started": true,
      "authorization_consumed": true,
      "passed": true,
      "sample_index": 22,
      "sampled_at_utc": "2026-07-27T16:12:11.149400+00:00"
    },
    {
      "schema": "cinebotrl_windows_shared_resource_admission_v2",
      "phase": "runtime",
      "thresholds": {
        "minimum_windows_free_memory_gib": 1.5,
        "minimum_gpu_free_memory_mib": 2048,
        "launch_minimum_windows_free_memory_gib": 5.0,
        "launch_minimum_gpu_free_memory_mib": 9216,
        "runtime_minimum_windows_free_memory_gib": 1.5,
        "runtime_minimum_gpu_free_memory_mib": 2048,
        "cad_coexistence_allowed": true,
        "cad_process_names": [
          "creoparametric.exe",
          "parametric.exe",
          "proe.exe",
          "sldworks.exe",
          "ugraf.exe",
          "xtop.exe"
        ]
      },
      "observed": {
        "windows_total_memory_gib": 31.455806732177734,
        "windows_free_memory_gib": 2.8845176696777344,
        "cad_processes": [
          {
            "name": "sldworks.exe",
            "pid": 34244,
            "working_set_mib": 89.914,
            "private_memory_mib": 783.887
          },
          {
            "name": "sldworks.exe",
            "pid": 43236,
            "working_set_mib": 0.926,
            "private_memory_mib": 5152.91
          },
          {
            "name": "ugraf.exe",
            "pid": 27816,
            "working_set_mib": 1267.082,
            "private_memory_mib": 20878.293
          }
        ],
        "gpu_count": 1,
        "gpu_total_memory_mib": 24467,
        "gpu_used_memory_mib": 16090,
        "gpu_free_memory_mib": 8072,
        "gpu_unaccounted_memory_mib": 305
      },
      "checks": {
        "windows_memory_probe_valid": true,
        "windows_free_memory_sufficient": true,
        "cad_process_probe_valid": true,
        "cad_coexistence_allowed": true,
        "gpu_memory_probe_valid": true,
        "gpu_free_memory_sufficient": true
      },
      "runtime_started": true,
      "authorization_consumed": true,
      "passed": true,
      "sample_index": 23,
      "sampled_at_utc": "2026-07-27T16:12:17.157839+00:00"
    },
    {
      "schema": "cinebotrl_windows_shared_resource_admission_v2",
      "phase": "runtime",
      "thresholds": {
        "minimum_windows_free_memory_gib": 1.5,
        "minimum_gpu_free_memory_mib": 2048,
        "launch_minimum_windows_free_memory_gib": 5.0,
        "launch_minimum_gpu_free_memory_mib": 9216,
        "runtime_minimum_windows_free_memory_gib": 1.5,
        "runtime_minimum_gpu_free_memory_mib": 2048,
        "cad_coexistence_allowed": true,
        "cad_process_names": [
          "creoparametric.exe",
          "parametric.exe",
          "proe.exe",
          "sldworks.exe",
          "ugraf.exe",
          "xtop.exe"
        ]
      },
      "observed": {
        "windows_total_memory_gib": 31.455806732177734,
        "windows_free_memory_gib": 2.8866424560546875,
        "cad_processes": [
          {
            "name": "sldworks.exe",
            "pid": 34244,
            "working_set_mib": 89.914,
            "private_memory_mib": 783.887
          },
          {
            "name": "sldworks.exe",
            "pid": 43236,
            "working_set_mib": 0.926,
            "private_memory_mib": 5152.91
          },
          {
            "name": "ugraf.exe",
            "pid": 27816,
            "working_set_mib": 1267.082,
            "private_memory_mib": 20878.293
          }
        ],
        "gpu_count": 1,
        "gpu_total_memory_mib": 24467,
        "gpu_used_memory_mib": 16090,
        "gpu_free_memory_mib": 8072,
        "gpu_unaccounted_memory_mib": 305
      },
      "checks": {
        "windows_memory_probe_valid": true,
        "windows_free_memory_sufficient": true,
        "cad_process_probe_valid": true,
        "cad_coexistence_allowed": true,
        "gpu_memory_probe_valid": true,
        "gpu_free_memory_sufficient": true
      },
      "runtime_started": true,
      "authorization_consumed": true,
      "passed": true,
      "sample_index": 24,
      "sampled_at_utc": "2026-07-27T16:12:23.192947+00:00"
    },
    {
      "schema": "cinebotrl_windows_shared_resource_admission_v2",
      "phase": "runtime",
      "thresholds": {
        "minimum_windows_free_memory_gib": 1.5,
        "minimum_gpu_free_memory_mib": 2048,
        "launch_minimum_windows_free_memory_gib": 5.0,
        "launch_minimum_gpu_free_memory_mib": 9216,
        "runtime_minimum_windows_free_memory_gib": 1.5,
        "runtime_minimum_gpu_free_memory_mib": 2048,
        "cad_coexistence_allowed": true,
        "cad_process_names": [
          "creoparametric.exe",
          "parametric.exe",
          "proe.exe",
          "sldworks.exe",
          "ugraf.exe",
          "xtop.exe"
        ]
      },
      "observed": {
        "windows_total_memory_gib": 31.455806732177734,
        "windows_free_memory_gib": 2.871551513671875,
        "cad_processes": [
          {
            "name": "sldworks.exe",
            "pid": 34244,
            "working_set_mib": 89.914,
            "private_memory_mib": 783.887
          },
          {
            "name": "sldworks.exe",
            "pid": 43236,
            "working_set_mib": 0.926,
            "private_memory_mib": 5152.91
          },
          {
            "name": "ugraf.exe",
            "pid": 27816,
            "working_set_mib": 1267.082,
            "private_memory_mib": 20878.293
          }
        ],
        "gpu_count": 1,
        "gpu_total_memory_mib": 24467,
        "gpu_used_memory_mib": 16090,
        "gpu_free_memory_mib": 8072,
        "gpu_unaccounted_memory_mib": 305
      },
      "checks": {
        "windows_memory_probe_valid": true,
        "windows_free_memory_sufficient": true,
        "cad_process_probe_valid": true,
        "cad_coexistence_allowed": true,
        "gpu_memory_probe_valid": true,
        "gpu_free_memory_sufficient": true
      },
      "runtime_started": true,
      "authorization_consumed": true,
      "passed": true,
      "sample_index": 25,
      "sampled_at_utc": "2026-07-27T16:12:29.158948+00:00"
    },
    {
      "schema": "cinebotrl_windows_shared_resource_admission_v2",
      "phase": "runtime",
      "thresholds": {
        "minimum_windows_free_memory_gib": 1.5,
        "minimum_gpu_free_memory_mib": 2048,
        "launch_minimum_windows_free_memory_gib": 5.0,
        "launch_minimum_gpu_free_memory_mib": 9216,
        "runtime_minimum_windows_free_memory_gib": 1.5,
        "runtime_minimum_gpu_free_memory_mib": 2048,
        "cad_coexistence_allowed": true,
        "cad_process_names": [
          "creoparametric.exe",
          "parametric.exe",
          "proe.exe",
          "sldworks.exe",
          "ugraf.exe",
          "xtop.exe"
        ]
      },
      "observed": {
        "windows_total_memory_gib": 31.455806732177734,
        "windows_free_memory_gib": 2.8724365234375,
        "cad_processes": [
          {
            "name": "sldworks.exe",
            "pid": 34244,
            "working_set_mib": 89.926,
            "private_memory_mib": 783.848
          },
          {
            "name": "sldworks.exe",
            "pid": 43236,
            "working_set_mib": 0.926,
            "private_memory_mib": 5152.91
          },
          {
            "name": "ugraf.exe",
            "pid": 27816,
            "working_set_mib": 1267.082,
            "private_memory_mib": 20878.293
          }
        ],
        "gpu_count": 1,
        "gpu_total_memory_mib": 24467,
        "gpu_used_memory_mib": 16090,
        "gpu_free_memory_mib": 8072,
        "gpu_unaccounted_memory_mib": 305
      },
      "checks": {
        "windows_memory_probe_valid": true,
        "windows_free_memory_sufficient": true,
        "cad_process_probe_valid": true,
        "cad_coexistence_allowed": true,
        "gpu_memory_probe_valid": true,
        "gpu_free_memory_sufficient": true
      },
      "runtime_started": true,
      "authorization_consumed": true,
      "passed": true,
      "sample_index": 26,
      "sampled_at_utc": "2026-07-27T16:12:35.030291+00:00"
    },
    {
      "schema": "cinebotrl_windows_shared_resource_admission_v2",
      "phase": "runtime",
      "thresholds": {
        "minimum_windows_free_memory_gib": 1.5,
        "minimum_gpu_free_memory_mib": 2048,
        "launch_minimum_windows_free_memory_gib": 5.0,
        "launch_minimum_gpu_free_memory_mib": 9216,
        "runtime_minimum_windows_free_memory_gib": 1.5,
        "runtime_minimum_gpu_free_memory_mib": 2048,
        "cad_coexistence_allowed": true,
        "cad_process_names": [
          "creoparametric.exe",
          "parametric.exe",
          "proe.exe",
          "sldworks.exe",
          "ugraf.exe",
          "xtop.exe"
        ]
      },
      "observed": {
        "windows_total_memory_gib": 31.455806732177734,
        "windows_free_memory_gib": 2.874004364013672,
        "cad_processes": [
          {
            "name": "sldworks.exe",
            "pid": 34244,
            "working_set_mib": 89.926,
            "private_memory_mib": 783.848
          },
          {
            "name": "sldworks.exe",
            "pid": 43236,
            "working_set_mib": 0.926,
            "private_memory_mib": 5152.91
          },
          {
            "name": "ugraf.exe",
            "pid": 27816,
            "working_set_mib": 1267.117,
            "private_memory_mib": 20878.359
          }
        ],
        "gpu_count": 1,
        "gpu_total_memory_mib": 24467,
        "gpu_used_memory_mib": 16090,
        "gpu_free_memory_mib": 8072,
        "gpu_unaccounted_memory_mib": 305
      },
      "checks": {
        "windows_memory_probe_valid": true,
        "windows_free_memory_sufficient": true,
        "cad_process_probe_valid": true,
        "cad_coexistence_allowed": true,
        "gpu_memory_probe_valid": true,
        "gpu_free_memory_sufficient": true
      },
      "runtime_started": true,
      "authorization_consumed": true,
      "passed": true,
      "sample_index": 27,
      "sampled_at_utc": "2026-07-27T16:12:41.002593+00:00"
    },
    {
      "schema": "cinebotrl_windows_shared_resource_admission_v2",
      "phase": "runtime",
      "thresholds": {
        "minimum_windows_free_memory_gib": 1.5,
        "minimum_gpu_free_memory_mib": 2048,
        "launch_minimum_windows_free_memory_gib": 5.0,
        "launch_minimum_gpu_free_memory_mib": 9216,
        "runtime_minimum_windows_free_memory_gib": 1.5,
        "runtime_minimum_gpu_free_memory_mib": 2048,
        "cad_coexistence_allowed": true,
        "cad_process_names": [
          "creoparametric.exe",
          "parametric.exe",
          "proe.exe",
          "sldworks.exe",
          "ugraf.exe",
          "xtop.exe"
        ]
      },
      "observed": {
        "windows_total_memory_gib": 31.455806732177734,
        "windows_free_memory_gib": 2.870769500732422,
        "cad_processes": [
          {
            "name": "sldworks.exe",
            "pid": 34244,
            "working_set_mib": 89.926,
            "private_memory_mib": 783.848
          },
          {
            "name": "sldworks.exe",
            "pid": 43236,
            "working_set_mib": 0.926,
            "private_memory_mib": 5152.91
          },
          {
            "name": "ugraf.exe",
            "pid": 27816,
            "working_set_mib": 1267.117,
            "private_memory_mib": 20878.359
          }
        ],
        "gpu_count": 1,
        "gpu_total_memory_mib": 24467,
        "gpu_used_memory_mib": 16090,
        "gpu_free_memory_mib": 8072,
        "gpu_unaccounted_memory_mib": 305
      },
      "checks": {
        "windows_memory_probe_valid": true,
        "windows_free_memory_sufficient": true,
        "cad_process_probe_valid": true,
        "cad_coexistence_allowed": true,
        "gpu_memory_probe_valid": true,
        "gpu_free_memory_sufficient": true
      },
      "runtime_started": true,
      "authorization_consumed": true,
      "passed": true,
      "sample_index": 28,
      "sampled_at_utc": "2026-07-27T16:12:46.994076+00:00"
    },
    {
      "schema": "cinebotrl_windows_shared_resource_admission_v2",
      "phase": "runtime",
      "thresholds": {
        "minimum_windows_free_memory_gib": 1.5,
        "minimum_gpu_free_memory_mib": 2048,
        "launch_minimum_windows_free_memory_gib": 5.0,
        "launch_minimum_gpu_free_memory_mib": 9216,
        "runtime_minimum_windows_free_memory_gib": 1.5,
        "runtime_minimum_gpu_free_memory_mib": 2048,
        "cad_coexistence_allowed": true,
        "cad_process_names": [
          "creoparametric.exe",
          "parametric.exe",
          "proe.exe",
          "sldworks.exe",
          "ugraf.exe",
          "xtop.exe"
        ]
      },
      "observed": {
        "windows_total_memory_gib": 31.455806732177734,
        "windows_free_memory_gib": 2.8625831604003906,
        "cad_processes": [
          {
            "name": "sldworks.exe",
            "pid": 34244,
            "working_set_mib": 89.926,
            "private_memory_mib": 783.848
          },
          {
            "name": "sldworks.exe",
            "pid": 43236,
            "working_set_mib": 0.926,
            "private_memory_mib": 5152.91
          },
          {
            "name": "ugraf.exe",
            "pid": 27816,
            "working_set_mib": 1267.117,
            "private_memory_mib": 20878.359
          }
        ],
        "gpu_count": 1,
        "gpu_total_memory_mib": 24467,
        "gpu_used_memory_mib": 16090,
        "gpu_free_memory_mib": 8072,
        "gpu_unaccounted_memory_mib": 305
      },
      "checks": {
        "windows_memory_probe_valid": true,
        "windows_free_memory_sufficient": true,
        "cad_process_probe_valid": true,
        "cad_coexistence_allowed": true,
        "gpu_memory_probe_valid": true,
        "gpu_free_memory_sufficient": true
      },
      "runtime_started": true,
      "authorization_consumed": true,
      "passed": true,
      "sample_index": 29,
      "sampled_at_utc": "2026-07-27T16:12:52.975334+00:00"
    },
    {
      "schema": "cinebotrl_windows_shared_resource_admission_v2",
      "phase": "runtime",
      "thresholds": {
        "minimum_windows_free_memory_gib": 1.5,
        "minimum_gpu_free_memory_mib": 2048,
        "launch_minimum_windows_free_memory_gib": 5.0,
        "launch_minimum_gpu_free_memory_mib": 9216,
        "runtime_minimum_windows_free_memory_gib": 1.5,
        "runtime_minimum_gpu_free_memory_mib": 2048,
        "cad_coexistence_allowed": true,
        "cad_process_names": [
          "creoparametric.exe",
          "parametric.exe",
          "proe.exe",
          "sldworks.exe",
          "ugraf.exe",
          "xtop.exe"
        ]
      },
      "observed": {
        "windows_total_memory_gib": 31.455806732177734,
        "windows_free_memory_gib": 2.8687171936035156,
        "cad_processes": [
          {
            "name": "sldworks.exe",
            "pid": 34244,
            "working_set_mib": 89.926,
            "private_memory_mib": 783.848
          },
          {
            "name": "sldworks.exe",
            "pid": 43236,
            "working_set_mib": 0.926,
            "private_memory_mib": 5152.91
          },
          {
            "name": "ugraf.exe",
            "pid": 27816,
            "working_set_mib": 1267.117,
            "private_memory_mib": 20878.359
          }
        ],
        "gpu_count": 1,
        "gpu_total_memory_mib": 24467,
        "gpu_used_memory_mib": 16090,
        "gpu_free_memory_mib": 8072,
        "gpu_unaccounted_memory_mib": 305
      },
      "checks": {
        "windows_memory_probe_valid": true,
        "windows_free_memory_sufficient": true,
        "cad_process_probe_valid": true,
        "cad_coexistence_allowed": true,
        "gpu_memory_probe_valid": true,
        "gpu_free_memory_sufficient": true
      },
      "runtime_started": true,
      "authorization_consumed": true,
      "passed": true,
      "sample_index": 30,
      "sampled_at_utc": "2026-07-27T16:12:59.802715+00:00"
    },
    {
      "schema": "cinebotrl_windows_shared_resource_admission_v2",
      "phase": "runtime",
      "thresholds": {
        "minimum_windows_free_memory_gib": 1.5,
        "minimum_gpu_free_memory_mib": 2048,
        "launch_minimum_windows_free_memory_gib": 5.0,
        "launch_minimum_gpu_free_memory_mib": 9216,
        "runtime_minimum_windows_free_memory_gib": 1.5,
        "runtime_minimum_gpu_free_memory_mib": 2048,
        "cad_coexistence_allowed": true,
        "cad_process_names": [
          "creoparametric.exe",
          "parametric.exe",
          "proe.exe",
          "sldworks.exe",
          "ugraf.exe",
          "xtop.exe"
        ]
      },
      "observed": {
        "windows_total_memory_gib": 31.455806732177734,
        "windows_free_memory_gib": 2.87042236328125,
        "cad_processes": [
          {
            "name": "sldworks.exe",
            "pid": 34244,
            "working_set_mib": 89.938,
            "private_memory_mib": 783.848
          },
          {
            "name": "sldworks.exe",
            "pid": 43236,
            "working_set_mib": 0.926,
            "private_memory_mib": 5152.91
          },
          {
            "name": "ugraf.exe",
            "pid": 27816,
            "working_set_mib": 1267.117,
            "private_memory_mib": 20878.359
          }
        ],
        "gpu_count": 1,
        "gpu_total_memory_mib": 24467,
        "gpu_used_memory_mib": 16090,
        "gpu_free_memory_mib": 8072,
        "gpu_unaccounted_memory_mib": 305
      },
      "checks": {
        "windows_memory_probe_valid": true,
        "windows_free_memory_sufficient": true,
        "cad_process_probe_valid": true,
        "cad_coexistence_allowed": true,
        "gpu_memory_probe_valid": true,
        "gpu_free_memory_sufficient": true
      },
      "runtime_started": true,
      "authorization_consumed": true,
      "passed": true,
      "sample_index": 31,
      "sampled_at_utc": "2026-07-27T16:13:05.824046+00:00"
    },
    {
      "schema": "cinebotrl_windows_shared_resource_admission_v2",
      "phase": "runtime",
      "thresholds": {
        "minimum_windows_free_memory_gib": 1.5,
        "minimum_gpu_free_memory_mib": 2048,
        "launch_minimum_windows_free_memory_gib": 5.0,
        "launch_minimum_gpu_free_memory_mib": 9216,
        "runtime_minimum_windows_free_memory_gib": 1.5,
        "runtime_minimum_gpu_free_memory_mib": 2048,
        "cad_coexistence_allowed": true,
        "cad_process_names": [
          "creoparametric.exe",
          "parametric.exe",
          "proe.exe",
          "sldworks.exe",
          "ugraf.exe",
          "xtop.exe"
        ]
      },
      "observed": {
        "windows_total_memory_gib": 31.455806732177734,
        "windows_free_memory_gib": 2.870159149169922,
        "cad_processes": [
          {
            "name": "sldworks.exe",
            "pid": 34244,
            "working_set_mib": 89.938,
            "private_memory_mib": 783.848
          },
          {
            "name": "sldworks.exe",
            "pid": 43236,
            "working_set_mib": 0.926,
            "private_memory_mib": 5152.91
          },
          {
            "name": "ugraf.exe",
            "pid": 27816,
            "working_set_mib": 1267.117,
            "private_memory_mib": 20878.359
          }
        ],
        "gpu_count": 1,
        "gpu_total_memory_mib": 24467,
        "gpu_used_memory_mib": 16090,
        "gpu_free_memory_mib": 8072,
        "gpu_unaccounted_memory_mib": 305
      },
      "checks": {
        "windows_memory_probe_valid": true,
        "windows_free_memory_sufficient": true,
        "cad_process_probe_valid": true,
        "cad_coexistence_allowed": true,
        "gpu_memory_probe_valid": true,
        "gpu_free_memory_sufficient": true
      },
      "runtime_started": true,
      "authorization_consumed": true,
      "passed": true,
      "sample_index": 32,
      "sampled_at_utc": "2026-07-27T16:13:11.816754+00:00"
    },
    {
      "schema": "cinebotrl_windows_shared_resource_admission_v2",
      "phase": "runtime",
      "thresholds": {
        "minimum_windows_free_memory_gib": 1.5,
        "minimum_gpu_free_memory_mib": 2048,
        "launch_minimum_windows_free_memory_gib": 5.0,
        "launch_minimum_gpu_free_memory_mib": 9216,
        "runtime_minimum_windows_free_memory_gib": 1.5,
        "runtime_minimum_gpu_free_memory_mib": 2048,
        "cad_coexistence_allowed": true,
        "cad_process_names": [
          "creoparametric.exe",
          "parametric.exe",
          "proe.exe",
          "sldworks.exe",
          "ugraf.exe",
          "xtop.exe"
        ]
      },
      "observed": {
        "windows_total_memory_gib": 31.455806732177734,
        "windows_free_memory_gib": 2.8690414428710938,
        "cad_processes": [
          {
            "name": "sldworks.exe",
            "pid": 34244,
            "working_set_mib": 89.938,
            "private_memory_mib": 783.848
          },
          {
            "name": "sldworks.exe",
            "pid": 43236,
            "working_set_mib": 0.926,
            "private_memory_mib": 5152.91
          },
          {
            "name": "ugraf.exe",
            "pid": 27816,
            "working_set_mib": 1267.117,
            "private_memory_mib": 20878.359
          }
        ],
        "gpu_count": 1,
        "gpu_total_memory_mib": 24467,
        "gpu_used_memory_mib": 16090,
        "gpu_free_memory_mib": 8072,
        "gpu_unaccounted_memory_mib": 305
      },
      "checks": {
        "windows_memory_probe_valid": true,
        "windows_free_memory_sufficient": true,
        "cad_process_probe_valid": true,
        "cad_coexistence_allowed": true,
        "gpu_memory_probe_valid": true,
        "gpu_free_memory_sufficient": true
      },
      "runtime_started": true,
      "authorization_consumed": true,
      "passed": true,
      "sample_index": 33,
      "sampled_at_utc": "2026-07-27T16:13:17.766299+00:00"
    },
    {
      "schema": "cinebotrl_windows_shared_resource_admission_v2",
      "phase": "runtime",
      "thresholds": {
        "minimum_windows_free_memory_gib": 1.5,
        "minimum_gpu_free_memory_mib": 2048,
        "launch_minimum_windows_free_memory_gib": 5.0,
        "launch_minimum_gpu_free_memory_mib": 9216,
        "runtime_minimum_windows_free_memory_gib": 1.5,
        "runtime_minimum_gpu_free_memory_mib": 2048,
        "cad_coexistence_allowed": true,
        "cad_process_names": [
          "creoparametric.exe",
          "parametric.exe",
          "proe.exe",
          "sldworks.exe",
          "ugraf.exe",
          "xtop.exe"
        ]
      },
      "observed": {
        "windows_total_memory_gib": 31.455806732177734,
        "windows_free_memory_gib": 2.865581512451172,
        "cad_processes": [
          {
            "name": "sldworks.exe",
            "pid": 34244,
            "working_set_mib": 89.938,
            "private_memory_mib": 783.848
          },
          {
            "name": "sldworks.exe",
            "pid": 43236,
            "working_set_mib": 0.926,
            "private_memory_mib": 5152.91
          },
          {
            "name": "ugraf.exe",
            "pid": 27816,
            "working_set_mib": 1267.098,
            "private_memory_mib": 20878.324
          }
        ],
        "gpu_count": 1,
        "gpu_total_memory_mib": 24467,
        "gpu_used_memory_mib": 16090,
        "gpu_free_memory_mib": 8072,
        "gpu_unaccounted_memory_mib": 305
      },
      "checks": {
        "windows_memory_probe_valid": true,
        "windows_free_memory_sufficient": true,
        "cad_process_probe_valid": true,
        "cad_coexistence_allowed": true,
        "gpu_memory_probe_valid": true,
        "gpu_free_memory_sufficient": true
      },
      "runtime_started": true,
      "authorization_consumed": true,
      "passed": true,
      "sample_index": 34,
      "sampled_at_utc": "2026-07-27T16:13:23.708730+00:00"
    },
    {
      "schema": "cinebotrl_windows_shared_resource_admission_v2",
      "phase": "runtime",
      "thresholds": {
        "minimum_windows_free_memory_gib": 1.5,
        "minimum_gpu_free_memory_mib": 2048,
        "launch_minimum_windows_free_memory_gib": 5.0,
        "launch_minimum_gpu_free_memory_mib": 9216,
        "runtime_minimum_windows_free_memory_gib": 1.5,
        "runtime_minimum_gpu_free_memory_mib": 2048,
        "cad_coexistence_allowed": true,
        "cad_process_names": [
          "creoparametric.exe",
          "parametric.exe",
          "proe.exe",
          "sldworks.exe",
          "ugraf.exe",
          "xtop.exe"
        ]
      },
      "observed": {
        "windows_total_memory_gib": 31.455806732177734,
        "windows_free_memory_gib": 2.873851776123047,
        "cad_processes": [
          {
            "name": "sldworks.exe",
            "pid": 34244,
            "working_set_mib": 89.938,
            "private_memory_mib": 783.848
          },
          {
            "name": "sldworks.exe",
            "pid": 43236,
            "working_set_mib": 0.926,
            "private_memory_mib": 5152.91
          },
          {
            "name": "ugraf.exe",
            "pid": 27816,
            "working_set_mib": 1267.113,
            "private_memory_mib": 20878.355
          }
        ],
        "gpu_count": 1,
        "gpu_total_memory_mib": 24467,
        "gpu_used_memory_mib": 16090,
        "gpu_free_memory_mib": 8072,
        "gpu_unaccounted_memory_mib": 305
      },
      "checks": {
        "windows_memory_probe_valid": true,
        "windows_free_memory_sufficient": true,
        "cad_process_probe_valid": true,
        "cad_coexistence_allowed": true,
        "gpu_memory_probe_valid": true,
        "gpu_free_memory_sufficient": true
      },
      "runtime_started": true,
      "authorization_consumed": true,
      "passed": true,
      "sample_index": 35,
      "sampled_at_utc": "2026-07-27T16:13:30.229835+00:00"
    },
    {
      "schema": "cinebotrl_windows_shared_resource_admission_v2",
      "phase": "runtime",
      "thresholds": {
        "minimum_windows_free_memory_gib": 1.5,
        "minimum_gpu_free_memory_mib": 2048,
        "launch_minimum_windows_free_memory_gib": 5.0,
        "launch_minimum_gpu_free_memory_mib": 9216,
        "runtime_minimum_windows_free_memory_gib": 1.5,
        "runtime_minimum_gpu_free_memory_mib": 2048,
        "cad_coexistence_allowed": true,
        "cad_process_names": [
          "creoparametric.exe",
          "parametric.exe",
          "proe.exe",
          "sldworks.exe",
          "ugraf.exe",
          "xtop.exe"
        ]
      },
      "observed": {
        "windows_total_memory_gib": 31.455806732177734,
        "windows_free_memory_gib": 2.870758056640625,
        "cad_processes": [
          {
            "name": "sldworks.exe",
            "pid": 34244,
            "working_set_mib": 89.938,
            "private_memory_mib": 783.848
          },
          {
            "name": "sldworks.exe",
            "pid": 43236,
            "working_set_mib": 0.926,
            "private_memory_mib": 5152.91
          },
          {
            "name": "ugraf.exe",
            "pid": 27816,
            "working_set_mib": 1267.113,
            "private_memory_mib": 20878.355
          }
        ],
        "gpu_count": 1,
        "gpu_total_memory_mib": 24467,
        "gpu_used_memory_mib": 16090,
        "gpu_free_memory_mib": 8072,
        "gpu_unaccounted_memory_mib": 305
      },
      "checks": {
        "windows_memory_probe_valid": true,
        "windows_free_memory_sufficient": true,
        "cad_process_probe_valid": true,
        "cad_coexistence_allowed": true,
        "gpu_memory_probe_valid": true,
        "gpu_free_memory_sufficient": true
      },
      "runtime_started": true,
      "authorization_consumed": true,
      "passed": true,
      "sample_index": 36,
      "sampled_at_utc": "2026-07-27T16:13:36.094142+00:00"
    },
    {
      "schema": "cinebotrl_windows_shared_resource_admission_v2",
      "phase": "runtime",
      "thresholds": {
        "minimum_windows_free_memory_gib": 1.5,
        "minimum_gpu_free_memory_mib": 2048,
        "launch_minimum_windows_free_memory_gib": 5.0,
        "launch_minimum_gpu_free_memory_mib": 9216,
        "runtime_minimum_windows_free_memory_gib": 1.5,
        "runtime_minimum_gpu_free_memory_mib": 2048,
        "cad_coexistence_allowed": true,
        "cad_process_names": [
          "creoparametric.exe",
          "parametric.exe",
          "proe.exe",
          "sldworks.exe",
          "ugraf.exe",
          "xtop.exe"
        ]
      },
      "observed": {
        "windows_total_memory_gib": 31.455806732177734,
        "windows_free_memory_gib": 2.870319366455078,
        "cad_processes": [
          {
            "name": "sldworks.exe",
            "pid": 34244,
            "working_set_mib": 89.938,
            "private_memory_mib": 783.848
          },
          {
            "name": "sldworks.exe",
            "pid": 43236,
            "working_set_mib": 0.926,
            "private_memory_mib": 5152.91
          },
          {
            "name": "ugraf.exe",
            "pid": 27816,
            "working_set_mib": 1267.113,
            "private_memory_mib": 20878.355
          }
        ],
        "gpu_count": 1,
        "gpu_total_memory_mib": 24467,
        "gpu_used_memory_mib": 16090,
        "gpu_free_memory_mib": 8072,
        "gpu_unaccounted_memory_mib": 305
      },
      "checks": {
        "windows_memory_probe_valid": true,
        "windows_free_memory_sufficient": true,
        "cad_process_probe_valid": true,
        "cad_coexistence_allowed": true,
        "gpu_memory_probe_valid": true,
        "gpu_free_memory_sufficient": true
      },
      "runtime_started": true,
      "authorization_consumed": true,
      "passed": true,
      "sample_index": 37,
      "sampled_at_utc": "2026-07-27T16:13:42.001851+00:00"
    },
    {
      "schema": "cinebotrl_windows_shared_resource_admission_v2",
      "phase": "runtime",
      "thresholds": {
        "minimum_windows_free_memory_gib": 1.5,
        "minimum_gpu_free_memory_mib": 2048,
        "launch_minimum_windows_free_memory_gib": 5.0,
        "launch_minimum_gpu_free_memory_mib": 9216,
        "runtime_minimum_windows_free_memory_gib": 1.5,
        "runtime_minimum_gpu_free_memory_mib": 2048,
        "cad_coexistence_allowed": true,
        "cad_process_names": [
          "creoparametric.exe",
          "parametric.exe",
          "proe.exe",
          "sldworks.exe",
          "ugraf.exe",
          "xtop.exe"
        ]
      },
      "observed": {
        "windows_total_memory_gib": 31.455806732177734,
        "windows_free_memory_gib": 2.8608779907226562,
        "cad_processes": [
          {
            "name": "sldworks.exe",
            "pid": 34244,
            "working_set_mib": 89.938,
            "private_memory_mib": 783.848
          },
          {
            "name": "sldworks.exe",
            "pid": 43236,
            "working_set_mib": 0.926,
            "private_memory_mib": 5152.91
          },
          {
            "name": "ugraf.exe",
            "pid": 27816,
            "working_set_mib": 1267.113,
            "private_memory_mib": 20878.355
          }
        ],
        "gpu_count": 1,
        "gpu_total_memory_mib": 24467,
        "gpu_used_memory_mib": 16090,
        "gpu_free_memory_mib": 8072,
        "gpu_unaccounted_memory_mib": 305
      },
      "checks": {
        "windows_memory_probe_valid": true,
        "windows_free_memory_sufficient": true,
        "cad_process_probe_valid": true,
        "cad_coexistence_allowed": true,
        "gpu_memory_probe_valid": true,
        "gpu_free_memory_sufficient": true
      },
      "runtime_started": true,
      "authorization_consumed": true,
      "passed": true,
      "sample_index": 38,
      "sampled_at_utc": "2026-07-27T16:13:47.885081+00:00"
    },
    {
      "schema": "cinebotrl_windows_shared_resource_admission_v2",
      "phase": "runtime",
      "thresholds": {
        "minimum_windows_free_memory_gib": 1.5,
        "minimum_gpu_free_memory_mib": 2048,
        "launch_minimum_windows_free_memory_gib": 5.0,
        "launch_minimum_gpu_free_memory_mib": 9216,
        "runtime_minimum_windows_free_memory_gib": 1.5,
        "runtime_minimum_gpu_free_memory_mib": 2048,
        "cad_coexistence_allowed": true,
        "cad_process_names": [
          "creoparametric.exe",
          "parametric.exe",
          "proe.exe",
          "sldworks.exe",
          "ugraf.exe",
          "xtop.exe"
        ]
      },
      "observed": {
        "windows_total_memory_gib": 31.455806732177734,
        "windows_free_memory_gib": 2.8561477661132812,
        "cad_processes": [
          {
            "name": "sldworks.exe",
            "pid": 34244,
            "working_set_mib": 90,
            "private_memory_mib": 783.848
          },
          {
            "name": "sldworks.exe",
            "pid": 43236,
            "working_set_mib": 0.926,
            "private_memory_mib": 5152.91
          },
          {
            "name": "ugraf.exe",
            "pid": 27816,
            "working_set_mib": 1267.113,
            "private_memory_mib": 20878.355
          }
        ],
        "gpu_count": 1,
        "gpu_total_memory_mib": 24467,
        "gpu_used_memory_mib": 16090,
        "gpu_free_memory_mib": 8072,
        "gpu_unaccounted_memory_mib": 305
      },
      "checks": {
        "windows_memory_probe_valid": true,
        "windows_free_memory_sufficient": true,
        "cad_process_probe_valid": true,
        "cad_coexistence_allowed": true,
        "gpu_memory_probe_valid": true,
        "gpu_free_memory_sufficient": true
      },
      "runtime_started": true,
      "authorization_consumed": true,
      "passed": true,
      "sample_index": 39,
      "sampled_at_utc": "2026-07-27T16:13:53.797943+00:00"
    },
    {
      "schema": "cinebotrl_windows_shared_resource_admission_v2",
      "phase": "runtime",
      "thresholds": {
        "minimum_windows_free_memory_gib": 1.5,
        "minimum_gpu_free_memory_mib": 2048,
        "launch_minimum_windows_free_memory_gib": 5.0,
        "launch_minimum_gpu_free_memory_mib": 9216,
        "runtime_minimum_windows_free_memory_gib": 1.5,
        "runtime_minimum_gpu_free_memory_mib": 2048,
        "cad_coexistence_allowed": true,
        "cad_process_names": [
          "creoparametric.exe",
          "parametric.exe",
          "proe.exe",
          "sldworks.exe",
          "ugraf.exe",
          "xtop.exe"
        ]
      },
      "observed": {
        "windows_total_memory_gib": 31.455806732177734,
        "windows_free_memory_gib": 2.854084014892578,
        "cad_processes": [
          {
            "name": "sldworks.exe",
            "pid": 34244,
            "working_set_mib": 90.02,
            "private_memory_mib": 783.883
          },
          {
            "name": "sldworks.exe",
            "pid": 43236,
            "working_set_mib": 0.926,
            "private_memory_mib": 5152.91
          },
          {
            "name": "ugraf.exe",
            "pid": 27816,
            "working_set_mib": 1267.113,
            "private_memory_mib": 20878.355
          }
        ],
        "gpu_count": 1,
        "gpu_total_memory_mib": 24467,
        "gpu_used_memory_mib": 16090,
        "gpu_free_memory_mib": 8072,
        "gpu_unaccounted_memory_mib": 305
      },
      "checks": {
        "windows_memory_probe_valid": true,
        "windows_free_memory_sufficient": true,
        "cad_process_probe_valid": true,
        "cad_coexistence_allowed": true,
        "gpu_memory_probe_valid": true,
        "gpu_free_memory_sufficient": true
      },
      "runtime_started": true,
      "authorization_consumed": true,
      "passed": true,
      "sample_index": 40,
      "sampled_at_utc": "2026-07-27T16:13:59.829274+00:00"
    },
    {
      "schema": "cinebotrl_windows_shared_resource_admission_v2",
      "phase": "runtime",
      "thresholds": {
        "minimum_windows_free_memory_gib": 1.5,
        "minimum_gpu_free_memory_mib": 2048,
        "launch_minimum_windows_free_memory_gib": 5.0,
        "launch_minimum_gpu_free_memory_mib": 9216,
        "runtime_minimum_windows_free_memory_gib": 1.5,
        "runtime_minimum_gpu_free_memory_mib": 2048,
        "cad_coexistence_allowed": true,
        "cad_process_names": [
          "creoparametric.exe",
          "parametric.exe",
          "proe.exe",
          "sldworks.exe",
          "ugraf.exe",
          "xtop.exe"
        ]
      },
      "observed": {
        "windows_total_memory_gib": 31.455806732177734,
        "windows_free_memory_gib": 2.8702011108398438,
        "cad_processes": [
          {
            "name": "sldworks.exe",
            "pid": 34244,
            "working_set_mib": 90.02,
            "private_memory_mib": 783.883
          },
          {
            "name": "sldworks.exe",
            "pid": 43236,
            "working_set_mib": 0.926,
            "private_memory_mib": 5152.91
          },
          {
            "name": "ugraf.exe",
            "pid": 27816,
            "working_set_mib": 1267.113,
            "private_memory_mib": 20878.355
          }
        ],
        "gpu_count": 1,
        "gpu_total_memory_mib": 24467,
        "gpu_used_memory_mib": 16090,
        "gpu_free_memory_mib": 8072,
        "gpu_unaccounted_memory_mib": 305
      },
      "checks": {
        "windows_memory_probe_valid": true,
        "windows_free_memory_sufficient": true,
        "cad_process_probe_valid": true,
        "cad_coexistence_allowed": true,
        "gpu_memory_probe_valid": true,
        "gpu_free_memory_sufficient": true
      },
      "runtime_started": true,
      "authorization_consumed": true,
      "passed": true,
      "sample_index": 41,
      "sampled_at_utc": "2026-07-27T16:14:06.465944+00:00"
    },
    {
      "schema": "cinebotrl_windows_shared_resource_admission_v2",
      "phase": "runtime",
      "thresholds": {
        "minimum_windows_free_memory_gib": 1.5,
        "minimum_gpu_free_memory_mib": 2048,
        "launch_minimum_windows_free_memory_gib": 5.0,
        "launch_minimum_gpu_free_memory_mib": 9216,
        "runtime_minimum_windows_free_memory_gib": 1.5,
        "runtime_minimum_gpu_free_memory_mib": 2048,
        "cad_coexistence_allowed": true,
        "cad_process_names": [
          "creoparametric.exe",
          "parametric.exe",
          "proe.exe",
          "sldworks.exe",
          "ugraf.exe",
          "xtop.exe"
        ]
      },
      "observed": {
        "windows_total_memory_gib": 31.455806732177734,
        "windows_free_memory_gib": 2.862529754638672,
        "cad_processes": [
          {
            "name": "sldworks.exe",
            "pid": 34244,
            "working_set_mib": 90.02,
            "private_memory_mib": 783.883
          },
          {
            "name": "sldworks.exe",
            "pid": 43236,
            "working_set_mib": 0.926,
            "private_memory_mib": 5152.91
          },
          {
            "name": "ugraf.exe",
            "pid": 27816,
            "working_set_mib": 1267.113,
            "private_memory_mib": 20878.355
          }
        ],
        "gpu_count": 1,
        "gpu_total_memory_mib": 24467,
        "gpu_used_memory_mib": 16090,
        "gpu_free_memory_mib": 8072,
        "gpu_unaccounted_memory_mib": 305
      },
      "checks": {
        "windows_memory_probe_valid": true,
        "windows_free_memory_sufficient": true,
        "cad_process_probe_valid": true,
        "cad_coexistence_allowed": true,
        "gpu_memory_probe_valid": true,
        "gpu_free_memory_sufficient": true
      },
      "runtime_started": true,
      "authorization_consumed": true,
      "passed": true,
      "sample_index": 42,
      "sampled_at_utc": "2026-07-27T16:14:12.377115+00:00"
    },
    {
      "schema": "cinebotrl_windows_shared_resource_admission_v2",
      "phase": "runtime",
      "thresholds": {
        "minimum_windows_free_memory_gib": 1.5,
        "minimum_gpu_free_memory_mib": 2048,
        "launch_minimum_windows_free_memory_gib": 5.0,
        "launch_minimum_gpu_free_memory_mib": 9216,
        "runtime_minimum_windows_free_memory_gib": 1.5,
        "runtime_minimum_gpu_free_memory_mib": 2048,
        "cad_coexistence_allowed": true,
        "cad_process_names": [
          "creoparametric.exe",
          "parametric.exe",
          "proe.exe",
          "sldworks.exe",
          "ugraf.exe",
          "xtop.exe"
        ]
      },
      "observed": {
        "windows_total_memory_gib": 31.455806732177734,
        "windows_free_memory_gib": 2.862804412841797,
        "cad_processes": [
          {
            "name": "sldworks.exe",
            "pid": 34244,
            "working_set_mib": 90.02,
            "private_memory_mib": 783.883
          },
          {
            "name": "sldworks.exe",
            "pid": 43236,
            "working_set_mib": 0.926,
            "private_memory_mib": 5152.91
          },
          {
            "name": "ugraf.exe",
            "pid": 27816,
            "working_set_mib": 1267.113,
            "private_memory_mib": 20878.355
          }
        ],
        "gpu_count": 1,
        "gpu_total_memory_mib": 24467,
        "gpu_used_memory_mib": 16090,
        "gpu_free_memory_mib": 8072,
        "gpu_unaccounted_memory_mib": 305
      },
      "checks": {
        "windows_memory_probe_valid": true,
        "windows_free_memory_sufficient": true,
        "cad_process_probe_valid": true,
        "cad_coexistence_allowed": true,
        "gpu_memory_probe_valid": true,
        "gpu_free_memory_sufficient": true
      },
      "runtime_started": true,
      "authorization_consumed": true,
      "passed": true,
      "sample_index": 43,
      "sampled_at_utc": "2026-07-27T16:14:18.267404+00:00"
    },
    {
      "schema": "cinebotrl_windows_shared_resource_admission_v2",
      "phase": "runtime",
      "thresholds": {
        "minimum_windows_free_memory_gib": 1.5,
        "minimum_gpu_free_memory_mib": 2048,
        "launch_minimum_windows_free_memory_gib": 5.0,
        "launch_minimum_gpu_free_memory_mib": 9216,
        "runtime_minimum_windows_free_memory_gib": 1.5,
        "runtime_minimum_gpu_free_memory_mib": 2048,
        "cad_coexistence_allowed": true,
        "cad_process_names": [
          "creoparametric.exe",
          "parametric.exe",
          "proe.exe",
          "sldworks.exe",
          "ugraf.exe",
          "xtop.exe"
        ]
      },
      "observed": {
        "windows_total_memory_gib": 31.455806732177734,
        "windows_free_memory_gib": 2.8603744506835938,
        "cad_processes": [
          {
            "name": "sldworks.exe",
            "pid": 34244,
            "working_set_mib": 90.008,
            "private_memory_mib": 783.883
          },
          {
            "name": "sldworks.exe",
            "pid": 43236,
            "working_set_mib": 0.926,
            "private_memory_mib": 5152.91
          },
          {
            "name": "ugraf.exe",
            "pid": 27816,
            "working_set_mib": 1267.113,
            "private_memory_mib": 20878.355
          }
        ],
        "gpu_count": 1,
        "gpu_total_memory_mib": 24467,
        "gpu_used_memory_mib": 16090,
        "gpu_free_memory_mib": 8072,
        "gpu_unaccounted_memory_mib": 305
      },
      "checks": {
        "windows_memory_probe_valid": true,
        "windows_free_memory_sufficient": true,
        "cad_process_probe_valid": true,
        "cad_coexistence_allowed": true,
        "gpu_memory_probe_valid": true,
        "gpu_free_memory_sufficient": true
      },
      "runtime_started": true,
      "authorization_consumed": true,
      "passed": true,
      "sample_index": 44,
      "sampled_at_utc": "2026-07-27T16:14:24.208866+00:00"
    },
    {
      "schema": "cinebotrl_windows_shared_resource_admission_v2",
      "phase": "runtime",
      "thresholds": {
        "minimum_windows_free_memory_gib": 1.5,
        "minimum_gpu_free_memory_mib": 2048,
        "launch_minimum_windows_free_memory_gib": 5.0,
        "launch_minimum_gpu_free_memory_mib": 9216,
        "runtime_minimum_windows_free_memory_gib": 1.5,
        "runtime_minimum_gpu_free_memory_mib": 2048,
        "cad_coexistence_allowed": true,
        "cad_process_names": [
          "creoparametric.exe",
          "parametric.exe",
          "proe.exe",
          "sldworks.exe",
          "ugraf.exe",
          "xtop.exe"
        ]
      },
      "observed": {
        "windows_total_memory_gib": 31.455806732177734,
        "windows_free_memory_gib": 2.8519973754882812,
        "cad_processes": [
          {
            "name": "sldworks.exe",
            "pid": 34244,
            "working_set_mib": 90.008,
            "private_memory_mib": 783.883
          },
          {
            "name": "sldworks.exe",
            "pid": 43236,
            "working_set_mib": 0.926,
            "private_memory_mib": 5152.91
          },
          {
            "name": "ugraf.exe",
            "pid": 27816,
            "working_set_mib": 1267.078,
            "private_memory_mib": 20878.289
          }
        ],
        "gpu_count": 1,
        "gpu_total_memory_mib": 24467,
        "gpu_used_memory_mib": 16090,
        "gpu_free_memory_mib": 8072,
        "gpu_unaccounted_memory_mib": 305
      },
      "checks": {
        "windows_memory_probe_valid": true,
        "windows_free_memory_sufficient": true,
        "cad_process_probe_valid": true,
        "cad_coexistence_allowed": true,
        "gpu_memory_probe_valid": true,
        "gpu_free_memory_sufficient": true
      },
      "runtime_started": true,
      "authorization_consumed": true,
      "passed": true,
      "sample_index": 45,
      "sampled_at_utc": "2026-07-27T16:14:30.160254+00:00"
    }
  ],
  "passed": true
}
