[INFO][AppLauncher]: Using device: cuda:0
[INFO][AppLauncher]: Loading experience file: G:\isaaclab\apps\isaaclab.python.headless.kit
Loading user config located at: 'g:/isaaclab_venv/lib/site-packages/isaacsim/kit/data/Kit/Isaac-Sim/5.1/user.config.json'
[Info] [carb] Logging to file: g:/isaaclab_venv/lib/site-packages/isaacsim/kit/logs/Kit/Isaac-Sim/5.1/kit_20260723_175917.log
2026-07-23T09:59:18Z [21ms] [Warning] [carb.crashreporter-breakpad.plugin] [previous crash] preventing upload of minidump due to user opt-out: 'g:/isaaclab_venv/lib/site-packages/isaacsim/kit/data/Kit/Isaac-Sim/5.1\1269a513-535a-442b-bfb0-741c91d1c4f8.dmp'
2026-07-23T09:59:18Z [29ms] [Warning] [carb.crashreporter-breakpad.plugin] [previous crash] preventing upload of minidump due to user opt-out: 'g:/isaaclab_venv/lib/site-packages/isaacsim/kit/data/Kit/Isaac-Sim/5.1\90d2046d-22fd-41a8-b8ff-9028612bc852.dmp'
2026-07-23T09:59:18Z [29ms] [Warning] [carb.crashreporter-breakpad.plugin] Failed to parse toml file 'g:/isaaclab_venv/lib/site-packages/isaacsim/kit/data/Kit/Isaac-Sim/5.1/ed0d94f8-ee83-4953-89f9-ebecb019c477.dmp.toml': g:/isaaclab_venv/lib/site-packages/isaacsim/kit/data/Kit/Isaac-Sim/5.1/ed0d94f8-ee83-4953-89f9-ebecb019c477.dmp.toml could not be opened for parsing
2026-07-23T09:59:18Z [29ms] [Warning] [carb.crashreporter-breakpad.plugin] [previous crash] preventing upload of minidump due to user opt-out: 'g:/isaaclab_venv/lib/site-packages/isaacsim/kit/data/Kit/Isaac-Sim/5.1/ed0d94f8-ee83-4953-89f9-ebecb019c477.dmp'
2026-07-23T09:59:18Z [37ms] [Warning] [carb.crashreporter-breakpad.plugin] [previous crash] preventing upload of minidump due to user opt-out: 'g:/isaaclab_venv/lib/site-packages/isaacsim/kit/data/Kit/Isaac-Sim/5.1\3e00c9ff-6ef7-47b9-a825-bb9e8dec7992.dmp'
2026-07-23T09:59:18Z [44ms] [Warning] [carb.crashreporter-breakpad.plugin] [previous crash] preventing upload of minidump due to user opt-out: 'g:/isaaclab_venv/lib/site-packages/isaacsim/kit/data/Kit/Isaac-Sim/5.1\70c3b708-7114-498c-84f0-04cece1bdc9e.dmp'
2026-07-23T09:59:18Z [53ms] [Warning] [carb.crashreporter-breakpad.plugin] [previous crash] preventing upload of minidump due to user opt-out: 'g:/isaaclab_venv/lib/site-packages/isaacsim/kit/data/Kit/Isaac-Sim/5.1\cefa6c8f-e38e-4cef-9e0b-1df9b85789ed.dmp'
2026-07-23T09:59:18Z [61ms] [Warning] [carb.crashreporter-breakpad.plugin] [previous crash] preventing upload of minidump due to user opt-out: 'g:/isaaclab_venv/lib/site-packages/isaacsim/kit/data/Kit/Isaac-Sim/5.1\d06536b2-4761-4518-b704-044cc011d8f5.dmp'
2026-07-23T09:59:18Z [68ms] [Warning] [carb.crashreporter-breakpad.plugin] [previous crash] preventing upload of minidump due to user opt-out: 'g:/isaaclab_venv/lib/site-packages/isaacsim/kit/data/Kit/Isaac-Sim/5.1\b54ab213-beee-44c1-8d64-5b3124ac339b.dmp'
2026-07-23T09:59:18Z [76ms] [Warning] [carb.crashreporter-breakpad.plugin] [previous crash] preventing upload of minidump due to user opt-out: 'g:/isaaclab_venv/lib/site-packages/isaacsim/kit/data/Kit/Isaac-Sim/5.1\21e70584-c2dd-4ce7-8a27-d6cac48a92f4.dmp'
2026-07-23T09:59:18Z [82ms] [Warning] [carb.crashreporter-breakpad.plugin] [previous crash] preventing upload of minidump due to user opt-out: 'g:/isaaclab_venv/lib/site-packages/isaacsim/kit/data/Kit/Isaac-Sim/5.1\3a2e94af-473e-456e-b5f1-b73b4e583cbd.dmp'
2026-07-23T09:59:18Z [90ms] [Warning] [carb.crashreporter-breakpad.plugin] [previous crash] preventing upload of minidump due to user opt-out: 'g:/isaaclab_venv/lib/site-packages/isaacsim/kit/data/Kit/Isaac-Sim/5.1\f53d122e-401a-43fe-9675-cac6adf12ef4.dmp'
2026-07-23T09:59:18Z [97ms] [Warning] [carb.crashreporter-breakpad.plugin] [previous crash] preventing upload of minidump due to user opt-out: 'g:/isaaclab_venv/lib/site-packages/isaacsim/kit/data/Kit/Isaac-Sim/5.1\ed45d331-18cd-44a4-b443-b8dc4d5f6039.dmp'
2026-07-23T09:59:18Z [105ms] [Warning] [carb.crashreporter-breakpad.plugin] [previous crash] preventing upload of minidump due to user opt-out: 'g:/isaaclab_venv/lib/site-packages/isaacsim/kit/data/Kit/Isaac-Sim/5.1\cdbf85e2-5b31-489d-a1c2-b7c0b23bb0eb.dmp'
2026-07-23T09:59:18Z [112ms] [Warning] [carb.crashreporter-breakpad.plugin] [previous crash] preventing upload of minidump due to user opt-out: 'g:/isaaclab_venv/lib/site-packages/isaacsim/kit/data/Kit/Isaac-Sim/5.1\f756d87c-9d1f-425f-84db-c7c7ef2095ab.dmp'
2026-07-23T09:59:18Z [120ms] [Warning] [carb.crashreporter-breakpad.plugin] [previous crash] preventing upload of minidump due to user opt-out: 'g:/isaaclab_venv/lib/site-packages/isaacsim/kit/data/Kit/Isaac-Sim/5.1\64d2073b-efa0-4990-9700-dd7dabf80c56.dmp'
2026-07-23T09:59:20Z [2,166ms] [Warning] [omni.usd_config.extension] Enable omni.materialx.libs extension to use MaterialX
2026-07-23T09:59:27Z [9,184ms] [Warning] [carb] Acquiring non optional plugin interface which is not listed as dependency: [omni::physx::IPhysxBenchmarks v1.0] (plugin: <default plugin>), by client: omni.physics.physx.plugin. Add it to CARB_PLUGIN_IMPL_DEPS() macro of a client.
2026-07-23T09:59:27Z [9,285ms] [Warning] [omni.isaac.dynamic_control] omni.isaac.dynamic_control is deprecated as of Isaac Sim 4.5. No action is needed from end-users.
2026-07-23T09:59:41Z [23,259ms] [Warning] [gpu.foundation.plugin] Skipping unsupported non-NVIDIA GPU: Intel(R) Graphics
2026-07-23T09:59:41Z [23,260ms] [Warning] [gpu.foundation.plugin] Skipping unsupported non-NVIDIA GPU: Intel(R) Graphics

|---------------------------------------------------------------------------------------------|
| Driver Version: 595.95        | Graphics API: D3D12
|=============================================================================================|
| GPU | Name                             | Active | LDA | GPU Memory | Vendor-ID | LUID       |
|     |                                  |        |     |            | Device-ID | UUID       |
|     |                                  |        |     |            | Bus-ID    |            |
|---------------------------------------------------------------------------------------------|
| 0   | NVIDIA RTX PRO 4000 Blackwell    | Yes: 0 |     | 24161   MB | 10de      | 4f140100.. |
|     |                                  |        |     |            | 2c34      | 0          |
|     |                                  |        |     |            | 2         |            |
|---------------------------------------------------------------------------------------------|
| 1   | Intel(R) Graphics                |        |     | 128     MB | 8086      | b9100100.. |
|     |                                  |        |     |            | 7d67      | 0          |
|     |                                  |        |     |            | N/A       |            |
|=============================================================================================|
| OS: Windows 11 Pro, Version: 10.0 (25H2), Build: 26200, Kernel: 10.0.26100.8875
| Processor: Intel(R) Core(TM) Ultra 7 265
| Cores: 20 | Logical Cores: 20
|---------------------------------------------------------------------------------------------|
| Total Memory (MB): 32210 | Free Memory: 7037
| Total Page/Swap (MB): 73170 | Free Page/Swap: 18926
|---------------------------------------------------------------------------------------------|
[task_spec] Registered Isaac Lab task: MobileMMTrackEE-v0
[task_spec] Registered Isaac Lab task: RecomoProto2TrackEE-v0
[task_spec] Registered Isaac Lab task: RecomoProto1TrackEE-v0
[task_spec] Registered Isaac Lab task: RecomoTwoWheelBalance-v0

[36m===================================================================================================================[0m
[36m[1m[INFO][IsaacLab]: Logging to file: C:\Users\yanbo\AppData\Local\Temp\isaaclab\logs\isaaclab_2026-07-23_17-59-42.log[0m
[36m===================================================================================================================[0m

[33m17:59:42 [simulation_context.py] WARNING: The `enable_external_forces_every_iteration` parameter in the PhysxCfg is set to False. If you are experiencing noisy velocities, consider enabling this flag. You may need to slightly increase the number of velocity iterations (setting it to 1 or 2 rather than 0), together with this flag, to improve the accuracy of velocity updates.[0m
[INFO]: Base environment:
	Environment device    : cuda:0
	Environment seed      : 20260716
	Physics step-size     : 0.001
	Rendering step-size   : 0.005
	Environment step-size : 0.005
[INFO]: Time taken for scene creation : 4.337274 seconds
[INFO]: Scene manager:  <class InteractiveScene>
	Number of environments: 1
	Environment spacing   : 2.0
	Source prim name      : /World/envs/env_0
	Global prim paths     : []
	Replicate physics     : True
[INFO]: Starting the simulation. This may take a few seconds. Please wait...
[INFO]: Time taken for simulation start : 0.618973 seconds
[INFO]: Completed setting up the environment...
[33m17:59:47 [articulation.py] WARNING: The function 'set_external_force_and_torque' will be deprecated in a future release. Please use 'permanent_wrench_composer.set_forces_and_torques' instead.[0m
[33m17:59:52 [articulation.py] WARNING: The function 'set_external_force_and_torque' will be deprecated in a future release. Please use 'permanent_wrench_composer.set_forces_and_torques' instead.[0m
[33m17:59:57 [articulation.py] WARNING: The function 'set_external_force_and_torque' will be deprecated in a future release. Please use 'permanent_wrench_composer.set_forces_and_torques' instead.[0m
[33m18:00:02 [articulation.py] WARNING: The function 'set_external_force_and_torque' will be deprecated in a future release. Please use 'permanent_wrench_composer.set_forces_and_torques' instead.[0m
[33m18:00:07 [articulation.py] WARNING: The function 'set_external_force_and_torque' will be deprecated in a future release. Please use 'permanent_wrench_composer.set_forces_and_torques' instead.[0m
[33m18:00:12 [articulation.py] WARNING: The function 'set_external_force_and_torque' will be deprecated in a future release. Please use 'permanent_wrench_composer.set_forces_and_torques' instead.[0m
[33m18:00:17 [articulation.py] WARNING: The function 'set_external_force_and_torque' will be deprecated in a future release. Please use 'permanent_wrench_composer.set_forces_and_torques' instead.[0m
[33m18:00:22 [articulation.py] WARNING: The function 'set_external_force_and_torque' will be deprecated in a future release. Please use 'permanent_wrench_composer.set_forces_and_torques' instead.[0m
[33m18:00:27 [articulation.py] WARNING: The function 'set_external_force_and_torque' will be deprecated in a future release. Please use 'permanent_wrench_composer.set_forces_and_torques' instead.[0m
[33m18:00:32 [articulation.py] WARNING: The function 'set_external_force_and_torque' will be deprecated in a future release. Please use 'permanent_wrench_composer.set_forces_and_torques' instead.[0m
[33m18:00:37 [articulation.py] WARNING: The function 'set_external_force_and_torque' will be deprecated in a future release. Please use 'permanent_wrench_composer.set_forces_and_torques' instead.[0m
[33m18:00:42 [articulation.py] WARNING: The function 'set_external_force_and_torque' will be deprecated in a future release. Please use 'permanent_wrench_composer.set_forces_and_torques' instead.[0m
[33m18:00:47 [articulation.py] WARNING: The function 'set_external_force_and_torque' will be deprecated in a future release. Please use 'permanent_wrench_composer.set_forces_and_torques' instead.[0m
[33m18:00:52 [articulation.py] WARNING: The function 'set_external_force_and_torque' will be deprecated in a future release. Please use 'permanent_wrench_composer.set_forces_and_torques' instead.[0m
[33m18:00:57 [articulation.py] WARNING: The function 'set_external_force_and_torque' will be deprecated in a future release. Please use 'permanent_wrench_composer.set_forces_and_torques' instead.[0m
[33m18:01:02 [articulation.py] WARNING: The function 'set_external_force_and_torque' will be deprecated in a future release. Please use 'permanent_wrench_composer.set_forces_and_torques' instead.[0m
[33m18:01:07 [articulation.py] WARNING: The function 'set_external_force_and_torque' will be deprecated in a future release. Please use 'permanent_wrench_composer.set_forces_and_torques' instead.[0m
[33m18:01:13 [articulation.py] WARNING: The function 'set_external_force_and_torque' will be deprecated in a future release. Please use 'permanent_wrench_composer.set_forces_and_torques' instead.[0m
[33m18:01:18 [articulation.py] WARNING: The function 'set_external_force_and_torque' will be deprecated in a future release. Please use 'permanent_wrench_composer.set_forces_and_torques' instead.[0m
[33m18:01:23 [articulation.py] WARNING: The function 'set_external_force_and_torque' will be deprecated in a future release. Please use 'permanent_wrench_composer.set_forces_and_torques' instead.[0m
[33m18:01:28 [articulation.py] WARNING: The function 'set_external_force_and_torque' will be deprecated in a future release. Please use 'permanent_wrench_composer.set_forces_and_torques' instead.[0m
[33m18:01:33 [articulation.py] WARNING: The function 'set_external_force_and_torque' will be deprecated in a future release. Please use 'permanent_wrench_composer.set_forces_and_torques' instead.[0m
[33m18:01:38 [articulation.py] WARNING: The function 'set_external_force_and_torque' will be deprecated in a future release. Please use 'permanent_wrench_composer.set_forces_and_torques' instead.[0m
[33m18:01:43 [articulation.py] WARNING: The function 'set_external_force_and_torque' will be deprecated in a future release. Please use 'permanent_wrench_composer.set_forces_and_torques' instead.[0m
[33m18:01:48 [articulation.py] WARNING: The function 'set_external_force_and_torque' will be deprecated in a future release. Please use 'permanent_wrench_composer.set_forces_and_torques' instead.[0m
[33m18:01:53 [articulation.py] WARNING: The function 'set_external_force_and_torque' will be deprecated in a future release. Please use 'permanent_wrench_composer.set_forces_and_torques' instead.[0m
[33m18:01:58 [articulation.py] WARNING: The function 'set_external_force_and_torque' will be deprecated in a future release. Please use 'permanent_wrench_composer.set_forces_and_torques' instead.[0m
[33m18:02:03 [articulation.py] WARNING: The function 'set_external_force_and_torque' will be deprecated in a future release. Please use 'permanent_wrench_composer.set_forces_and_torques' instead.[0m
[33m18:02:08 [articulation.py] WARNING: The function 'set_external_force_and_torque' will be deprecated in a future release. Please use 'permanent_wrench_composer.set_forces_and_torques' instead.[0m
Traceback (most recent call last):
  File "G:\wSpace\cinebotRL-two-wheel-riser\scripts\two_wheel_balance\smoke_riser_reference_playback.py", line 3264, in <module>
    exit_code = main()
                ^^^^^^
  File "G:\wSpace\cinebotRL-two-wheel-riser\scripts\two_wheel_balance\smoke_riser_reference_playback.py", line 2850, in main
    results = [
              ^
  File "G:\wSpace\cinebotRL-two-wheel-riser\scripts\two_wheel_balance\smoke_riser_reference_playback.py", line 2851, in <listcomp>
    evaluate_case(
  File "G:\wSpace\cinebotRL-two-wheel-riser\scripts\two_wheel_balance\smoke_riser_reference_playback.py", line 2254, in evaluate_case
    save_corrective_capture(
  File "G:\wSpace\cinebotRL-two-wheel-riser\src\rl_platform\tasks\two_wheel_balance\riser_corrective_capture.py", line 358, in save_corrective_capture
    validate_corrective_capture(
  File "G:\wSpace\cinebotRL-two-wheel-riser\src\rl_platform\tasks\two_wheel_balance\riser_corrective_capture.py", line 191, in validate_corrective_capture
    raise ValueError("corrective capture mixes or opens an unreviewed case")
ValueError: corrective capture mixes or opens an unreviewed case
