{
  "schema": "cinebotrl_two_wheel_riser_corrective_teacher_capture_final_v2",
  "namespace": "20260723_model_based_corrective_teacher_case23_capture_v1_exclusive",
  "runtime_commit": "037aa8dbeb04790276a0515a2203e3d575cb010b",
  "case": 23,
  "split": "train",
  "playback_exit_code": 2,
  "admission_checks": {
    "schema": false,
    "passed": false,
    "runtime_commit": false,
    "runtime_authorized": false,
    "capture_authorized": false,
    "pair_admitted": false,
    "dataset_closed": false,
    "training_closed": false,
    "contract_identity": true,
    "plan_identity": true,
    "profile_identity": true,
    "pair_identity": true
  },
  "gate_checks": {
    "exit_zero": false,
    "single_case": false,
    "passed": false,
    "dynamic": false,
    "thermal": false,
    "controller": false,
    "perturbation": false,
    "source": false,
    "capture_requested": false,
    "capture_written": false,
    "legacy_capture_closed": false,
    "training_closed": false,
    "heartbeat": false,
    "gpu_released": true
  },
  "archive_checks": {
    "loaded": false,
    "sample_count": false,
    "plan_identity": true,
    "runtime_identity": false,
    "profile_identity": true,
    "pair_identity": true,
    "source_clock": false,
    "execution_clock": false,
    "perturbation_rows": false,
    "requested_reserved_margin": false,
    "effective_reserved_margin": false,
    "supervisor_contract": false,
    "clipping_telemetry": false,
    "initialization_excluded": false,
    "training_closed": false
  },
  "contract_checks": {
    "namespace": false,
    "case_split": false,
    "runtime_commit_descends_reviewed_parent": true
  },
  "capture_error": "[Errno 2] No such file or directory: 'G:\\\\wSpace\\\\cinebotRL-two-wheel-riser\\\\artifacts\\\\two_wheel_riser$NAMESPACE\\\\capture\\\\case_0023_corrective_teacher_capture_v2.npz'",
  "capture_metrics": {
    "sample_count": 0,
    "source_clock_end_s": null,
    "execution_clock_end_s": null,
    "perturbation_active_rows": 0,
    "requested_normalized_action_abs_max": null,
    "effective_normalized_action_abs_max": null,
    "command_clipped_rows": null,
    "requested_vs_effective_residual_delta_abs_max": null,
    "amplitude_limited_rows": null,
    "slew_limited_rows": null
  },
  "gate": null,
  "heartbeat": null,
  "capture": null,
  "admission": null,
  "contract": null,
  "dynamic_quality_passed": false,
  "capture_admitted_for_dataset_conversion": false,
  "normalized_training_dataset_created": false,
  "bc_authorized": false,
  "ppo_authorized": false,
  "training_started": false,
  "valid_for_training": false,
  "passed": false
}
